Archive member included to satisfy reference by file (symbol)

C:/CLionToolchains/gcc-arm-none-eabi-10.3-2021.10/bin/../lib/gcc/arm-none-eabi/13.3.1/thumb/v7e-m+fp/hard\libgcc.a(_arm_truncdfsf2.o)
                              CMakeFiles/RM2027.elf.dir/User/Framework/Vofa/vofa.cpp.obj (__aeabi_d2f)
C:/CLionToolchains/gcc-arm-none-eabi-10.3-2021.10/bin/../lib/gcc/arm-none-eabi/13.3.1/thumb/v7e-m+fp/hard\libgcc.a(_aeabi_uldivmod.o)
                              CMakeFiles/RM2027.elf.dir/Drivers/STM32F4xx_HAL_Driver/Src/stm32f4xx_hal_rcc.c.obj (__aeabi_uldivmod)
C:/CLionToolchains/gcc-arm-none-eabi-10.3-2021.10/bin/../lib/gcc/arm-none-eabi/13.3.1/thumb/v7e-m+fp/hard\libgcc.a(_udivmoddi4.o)
                              C:/CLionToolchains/gcc-arm-none-eabi-10.3-2021.10/bin/../lib/gcc/arm-none-eabi/13.3.1/thumb/v7e-m+fp/hard\libgcc.a(_aeabi_uldivmod.o) (__udivmoddi4)
C:/CLionToolchains/gcc-arm-none-eabi-10.3-2021.10/bin/../lib/gcc/arm-none-eabi/13.3.1/thumb/v7e-m+fp/hard\libgcc.a(unwind-arm.o)
                              CMakeFiles/RM2027.elf.dir/User/Framework/CAN/can_io.cpp.obj (__aeabi_unwind_cpp_pr0)
C:/CLionToolchains/gcc-arm-none-eabi-10.3-2021.10/bin/../lib/gcc/arm-none-eabi/13.3.1/thumb/v7e-m+fp/hard\libgcc.a(libunwind.o)
                              C:/CLionToolchains/gcc-arm-none-eabi-10.3-2021.10/bin/../lib/gcc/arm-none-eabi/13.3.1/thumb/v7e-m+fp/hard\libgcc.a(unwind-arm.o) (restore_core_regs)
C:/CLionToolchains/gcc-arm-none-eabi-10.3-2021.10/bin/../lib/gcc/arm-none-eabi/13.3.1/thumb/v7e-m+fp/hard\libgcc.a(pr-support.o)
                              C:/CLionToolchains/gcc-arm-none-eabi-10.3-2021.10/bin/../lib/gcc/arm-none-eabi/13.3.1/thumb/v7e-m+fp/hard\libgcc.a(unwind-arm.o) (__gnu_unwind_execute)
C:/CLionToolchains/gcc-arm-none-eabi-10.3-2021.10/bin/../lib/gcc/arm-none-eabi/13.3.1/thumb/v7e-m+fp/hard\libgcc.a(_dvmd_tls.o)
                              C:/CLionToolchains/gcc-arm-none-eabi-10.3-2021.10/bin/../lib/gcc/arm-none-eabi/13.3.1/thumb/v7e-m+fp/hard\libgcc.a(_aeabi_uldivmod.o) (__aeabi_ldiv0)
C:/CLionToolchains/gcc-arm-none-eabi-10.3-2021.10/bin/../lib/gcc/arm-none-eabi/13.3.1/thumb/v7e-m+fp/hard\libg.a(libc_a-abort.o)
                              C:/CLionToolchains/gcc-arm-none-eabi-10.3-2021.10/bin/../lib/gcc/arm-none-eabi/13.3.1/thumb/v7e-m+fp/hard\libgcc.a(unwind-arm.o) (abort)
C:/CLionToolchains/gcc-arm-none-eabi-10.3-2021.10/bin/../lib/gcc/arm-none-eabi/13.3.1/thumb/v7e-m+fp/hard\libg.a(libc_a-atof.o)
                              CMakeFiles/RM2027.elf.dir/User/Framework/Vofa/vofa.cpp.obj (atof)
C:/CLionToolchains/gcc-arm-none-eabi-10.3-2021.10/bin/../lib/gcc/arm-none-eabi/13.3.1/thumb/v7e-m+fp/hard\libg.a(libc_a-exit.o)
                              C:/CLionToolchains/gcc-arm-none-eabi-10.3-2021.10/bin/../lib/gcc/arm-none-eabi/13.3.1/thumb/v7e-m+fp/hard/crt0.o (exit)
C:/CLionToolchains/gcc-arm-none-eabi-10.3-2021.10/bin/../lib/gcc/arm-none-eabi/13.3.1/thumb/v7e-m+fp/hard\libg.a(libc_a-strtod.o)
                              C:/CLionToolchains/gcc-arm-none-eabi-10.3-2021.10/bin/../lib/gcc/arm-none-eabi/13.3.1/thumb/v7e-m+fp/hard\libg.a(libc_a-atof.o) (strtod)
C:/CLionToolchains/gcc-arm-none-eabi-10.3-2021.10/bin/../lib/gcc/arm-none-eabi/13.3.1/thumb/v7e-m+fp/hard\libg.a(libc_a-findfp.o)
                              CMakeFiles/RM2027.elf.dir/Middlewares/Third_Party/FreeRTOS/Source/tasks.c.obj (__sf)
C:/CLionToolchains/gcc-arm-none-eabi-10.3-2021.10/bin/../lib/gcc/arm-none-eabi/13.3.1/thumb/v7e-m+fp/hard\libg.a(libc_a-fwalk.o)
                              C:/CLionToolchains/gcc-arm-none-eabi-10.3-2021.10/bin/../lib/gcc/arm-none-eabi/13.3.1/thumb/v7e-m+fp/hard\libg.a(libc_a-findfp.o) (_fwalk_sglue)
C:/CLionToolchains/gcc-arm-none-eabi-10.3-2021.10/bin/../lib/gcc/arm-none-eabi/13.3.1/thumb/v7e-m+fp/hard\libg.a(libc_a-stdio.o)
                              C:/CLionToolchains/gcc-arm-none-eabi-10.3-2021.10/bin/../lib/gcc/arm-none-eabi/13.3.1/thumb/v7e-m+fp/hard\libg.a(libc_a-findfp.o) (__sread)
C:/CLionToolchains/gcc-arm-none-eabi-10.3-2021.10/bin/../lib/gcc/arm-none-eabi/13.3.1/thumb/v7e-m+fp/hard\libg.a(libc_a-memset.o)
                              C:/CLionToolchains/gcc-arm-none-eabi-10.3-2021.10/bin/../lib/gcc/arm-none-eabi/13.3.1/thumb/v7e-m+fp/hard/crt0.o (memset)
C:/CLionToolchains/gcc-arm-none-eabi-10.3-2021.10/bin/../lib/gcc/arm-none-eabi/13.3.1/thumb/v7e-m+fp/hard\libg.a(libc_a-strncmp.o)
                              C:/CLionToolchains/gcc-arm-none-eabi-10.3-2021.10/bin/../lib/gcc/arm-none-eabi/13.3.1/thumb/v7e-m+fp/hard\libg.a(libc_a-strtod.o) (strncmp)
C:/CLionToolchains/gcc-arm-none-eabi-10.3-2021.10/bin/../lib/gcc/arm-none-eabi/13.3.1/thumb/v7e-m+fp/hard\libg.a(libc_a-signal.o)
                              C:/CLionToolchains/gcc-arm-none-eabi-10.3-2021.10/bin/../lib/gcc/arm-none-eabi/13.3.1/thumb/v7e-m+fp/hard\libg.a(libc_a-abort.o) (raise)
C:/CLionToolchains/gcc-arm-none-eabi-10.3-2021.10/bin/../lib/gcc/arm-none-eabi/13.3.1/thumb/v7e-m+fp/hard\libg.a(libc_a-locale.o)
[...]
Memory Configuration

Name             Origin             Length             Attributes
CCMRAM           0x10000000         0x00010000         xrw
RAM              0x20000000         0x00020000         xrw
FLASH            0x08000000         0x00100000         xr
*default*        0x00000000         0xffffffff

Linker script and memory map

LOAD C:/CLionToolchains/gcc-arm-none-eabi-10.3-2021.10/bin/../lib/gcc/arm-none-eabi/13.3.1/thumb/v7e-m+fp/hard/crti.o
LOAD C:/CLionToolchains/gcc-arm-none-eabi-10.3-2021.10/bin/../lib/gcc/arm-none-eabi/13.3.1/thumb/v7e-m+fp/hard/crtbegin.o
LOAD C:/CLionToolchains/gcc-arm-none-eabi-10.3-2021.10/bin/../lib/gcc/arm-none-eabi/13.3.1/thumb/v7e-m+fp/hard/crt0.o
LOAD CMakeFiles/RM2027.elf.dir/Core/Src/can.c.obj
LOAD CMakeFiles/RM2027.elf.dir/Core/Src/freertos.c.obj
LOAD CMakeFiles/RM2027.elf.dir/Core/Src/gpio.c.obj
LOAD CMakeFiles/RM2027.elf.dir/Core/Src/main.c.obj
LOAD CMakeFiles/RM2027.elf.dir/Core/Src/main.cpp.obj
LOAD CMakeFiles/RM2027.elf.dir/Core/Src/stm32f4xx_hal_msp.c.obj
LOAD CMakeFiles/RM2027.elf.dir/Core/Src/stm32f4xx_hal_timebase_tim.c.obj
LOAD CMakeFiles/RM2027.elf.dir/Core/Src/stm32f4xx_it.c.obj
LOAD CMakeFiles/RM2027.elf.dir/Core/Src/syscalls.c.obj
LOAD CMakeFiles/RM2027.elf.dir/Core/Src/sysmem.c.obj
LOAD CMakeFiles/RM2027.elf.dir/Core/Src/system_stm32f4xx.c.obj
LOAD CMakeFiles/RM2027.elf.dir/Core/Src/usart.c.obj
LOAD CMakeFiles/RM2027.elf.dir/Core/Startup/startup_stm32f407ighx.s.obj
LOAD CMakeFiles/RM2027.elf.dir/Drivers/STM32F4xx_HAL_Driver/Src/stm32f4xx_hal.c.obj
LOAD CMakeFiles/RM2027.elf.dir/Drivers/STM32F4xx_HAL_Driver/Src/stm32f4xx_hal_can.c.obj
LOAD CMakeFiles/RM2027.elf.dir/Drivers/STM32F4xx_HAL_Driver/Src/stm32f4xx_hal_cortex.c.obj
LOAD CMakeFiles/RM2027.elf.dir/Drivers/STM32F4xx_HAL_Driver/Src/stm32f4xx_hal_dma.c.obj
LOAD CMakeFiles/RM2027.elf.dir/Drivers/STM32F4xx_HAL_Driver/Src/stm32f4xx_hal_dma_ex.c.obj
LOAD CMakeFiles/RM2027.elf.dir/Drivers/STM32F4xx_HAL_Driver/Src/stm32f4xx_hal_exti.c.obj
LOAD CMakeFiles/RM2027.elf.dir/Drivers/STM32F4xx_HAL_Driver/Src/stm32f4xx_hal_flash.c.obj
LOAD CMakeFiles/RM2027.elf.dir/Drivers/STM32F4xx_HAL_Driver/Src/stm32f4xx_hal_flash_ex.c.obj
LOAD CMakeFiles/RM2027.elf.dir/Drivers/STM32F4xx_HAL_Driver/Src/stm32f4xx_hal_flash_ramfunc.c.obj
LOAD CMakeFiles/RM2027.elf.dir/Drivers/STM32F4xx_HAL_Driver/Src/stm32f4xx_hal_gpio.c.obj
LOAD CMakeFiles/RM2027.elf.dir/Drivers/STM32F4xx_HAL_Driver/Src/stm32f4xx_hal_pwr.c.obj
LOAD CMakeFiles/RM2027.elf.dir/Drivers/STM32F4xx_HAL_Driver/Src/stm32f4xx_hal_pwr_ex.c.obj
LOAD CMakeFiles/RM2027.elf.dir/Drivers/STM32F4xx_HAL_Driver/Src/stm32f4xx_hal_rcc.c.obj
LOAD CMakeFiles/RM2027.elf.dir/Drivers/STM32F4xx_HAL_Driver/Src/stm32f4xx_hal_rcc_ex.c.obj
LOAD CMakeFiles/RM2027.elf.dir/Drivers/STM32F4xx_HAL_Driver/Src/stm32f4xx_hal_tim.c.obj
LOAD CMakeFiles/RM2027.elf.dir/Drivers/STM32F4xx_HAL_Driver/Src/stm32f4xx_hal_tim_ex.c.obj
LOAD CMakeFiles/RM2027.elf.dir/Drivers/STM32F4xx_HAL_Driver/Src/stm32f4xx_hal_uart.c.obj
LOAD CMakeFiles/RM2027.elf.dir/Middlewares/Third_Party/FreeRTOS/Source/CMSIS_RTOS/cmsis_os.c.obj
LOAD CMakeFiles/RM2027.elf.dir/Middlewares/Third_Party/FreeRTOS/Source/croutine.c.obj
LOAD CMakeFiles/RM2027.elf.dir/Middlewares/Third_Party/FreeRTOS/Source/event_groups.c.obj
LOAD CMakeFiles/RM2027.elf.dir/Middlewares/Third_Party/FreeRTOS/Source/list.c.obj
LOAD CMakeFiles/RM2027.elf.dir/Middlewares/Third_Party/FreeRTOS/Source/portable/GCC/ARM_CM4F/port.c.obj
LOAD CMakeFiles/RM2027.elf.dir/Middlewares/Third_Party/FreeRTOS/Source/portable/MemMang/heap_4.c.obj
LOAD CMakeFiles/RM2027.elf.dir/Middlewares/Third_Party/FreeRTOS/Source/queue.c.obj
LOAD CMakeFiles/RM2027.elf.dir/Middlewares/Third_Party/FreeRTOS/Source/stream_buffer.c.obj
LOAD CMakeFiles/RM2027.elf.dir/Middlewares/Third_Party/FreeRTOS/Source/tasks.c.obj
LOAD CMakeFiles/RM2027.elf.dir/Middlewares/Third_Party/FreeRTOS/Source/timers.c.obj
LOAD CMakeFiles/RM2027.elf.dir/User/Framework/CAN/can_io.cpp.obj
LOAD CMakeFiles/RM2027.elf.dir/User/Framework/Motor/Motor.cpp.obj
LOAD CMakeFiles/RM2027.elf.dir/User/Framework/PID/pid.cpp.obj
LOAD CMakeFiles/RM2027.elf.dir/User/Framework/Vofa/vofa.cpp.obj
LOAD CMakeFiles/RM2027.elf.dir/User/Task/Gimbal_task.cpp.obj
LOAD CMakeFiles/RM2027.elf.dir/User/Task/Print_task.cpp.obj
LOAD C:/CLionToolchains/gcc-arm-none-eabi-10.3-2021.10/bin/../lib/gcc/arm-none-eabi/13.3.1/thumb/v7e-m+fp/hard\libstdc++.a
LOAD C:/CLionToolchains/gcc-arm-none-eabi-10.3-2021.10/bin/../lib/gcc/arm-none-eabi/13.3.1/thumb/v7e-m+fp/hard\libm.a
START GROUP
LOAD C:/CLionToolchains/gcc-arm-none-eabi-10.3-2021.10/bin/../lib/gcc/arm-none-eabi/13.3.1/thumb/v7e-m+fp/hard\libgcc.a
LOAD C:/CLionToolchains/gcc-arm-none-eabi-10.3-2021.10/bin/../lib/gcc/arm-none-eabi/13.3.1/thumb/v7e-m+fp/hard\libg.a
LOAD C:/CLionToolchains/gcc-arm-none-eabi-10.3-2021.10/bin/../lib/gcc/arm-none-eabi/13.3.1/thumb/v7e-m+fp/hard\libc.a
END GROUP
LOAD C:/CLionToolchains/gcc-arm-none-eabi-10.3-2021.10/bin/../lib/gcc/arm-none-eabi/13.3.1/thumb/v7e-m+fp/hard/crtend.o
LOAD C:/CLionToolchains/gcc-arm-none-eabi-10.3-2021.10/bin/../lib/gcc/arm-none-eabi/13.3.1/thumb/v7e-m+fp/hard/crtn.o
                0x20020000                        _estack = (ORIGIN (RAM) + LENGTH (RAM))
                0x00000200                        _Min_Heap_Size = 0x200
                0x00000400                        _Min_Stack_Size = 0x400

.isr_vector     0x08000000      0x188
                0x08000000                        . = ALIGN (0x4)
 *(.isr_vector)
 .isr_vector    0x08000000      0x188 CMakeFiles/RM2027.elf.dir/Core/Startup/startup_stm32f407ighx.s.obj
                0x08000000                g_pfnVectors
                0x08000188                        . = ALIGN (0x4)

.text           0x080001c0     0xa3bc
                0x080001c0                        . = ALIGN (0x4)
 *(.text)
 .text          0x080001c0       0xa0 C:/CLionToolchains/gcc-arm-none-eabi-10.3-2021.10/bin/../lib/gcc/arm-none-eabi/13.3.1/thumb/v7e-m+fp/hard\libgcc.a(_arm_truncdfsf2.o)
                0x080001c0                __truncdfsf2
                0x080001c0                __aeabi_d2f
 .text          0x08000260       0x30 C:/CLionToolchains/gcc-arm-none-eabi-10.3-2021.10/bin/../lib/gcc/arm-none-eabi/13.3.1/thumb/v7e-m+fp/hard\libgcc.a(_aeabi_uldivmod.o)
                0x08000260                __aeabi_uldivmod
 .text          0x08000290      0x1ac C:/CLionToolchains/gcc-arm-none-eabi-10.3-2021.10/bin/../lib/gcc/arm-none-eabi/13.3.1/thumb/v7e-m+fp/hard\libgcc.a(libunwind.o)
                0x08000290                __restore_core_regs
                0x08000290                restore_core_regs
                0x080002a8                __gnu_Unwind_Restore_VFP
                0x080002b0                __gnu_Unwind_Save_VFP
                0x080002b8                __gnu_Unwind_Restore_VFP_D
                0x080002c0                __gnu_Unwind_Save_VFP_D
                0x080002c8                __gnu_Unwind_Restore_VFP_D_16_to_31
                0x080002d0                __gnu_Unwind_Save_VFP_D_16_to_31
                0x080002d8                __gnu_Unwind_Restore_WMMXD
                0x0800031c                __gnu_Unwind_Save_WMMXD
                0x08000360                __gnu_Unwind_Restore_WMMXC
                0x08000374                __gnu_Unwind_Save_WMMXC
                0x08000388                ___Unwind_RaiseException
                0x08000388                _Unwind_RaiseException
                0x080003ac                _Unwind_Resume
                0x080003ac                ___Unwind_Resume
                0x080003d0                _Unwind_Resume_or_Rethrow
                0x080003d0                ___Unwind_Resume_or_Rethrow
                0x080003f4                _Unwind_ForcedUnwind
                0x080003f4                ___Unwind_ForcedUnwind
                0x08000418                ___Unwind_Backtrace
                0x08000418                _Unwind_Backtrace
 .text          0x0800043c        0x4 C:/CLionToolchains/gcc-arm-none-eabi-10.3-2021.10/bin/../lib/gcc/arm-none-eabi/13.3.1/thumb/v7e-m+fp/hard\libgcc.a(_dvmd_tls.o)
                0x0800043c                __aeabi_idiv0
                0x0800043c                __aeabi_ldiv0
 .text          0x08000440      0x134 C:/CLionToolchains/gcc-arm-none-eabi-10.3-2021.10/bin/../lib/gcc/arm-none-eabi/13.3.1/thumb/v7e-m+fp/hard\libg.a(libc_a-memcpy.o)
                0x08000440                memcpy
 *fill*         0x08000574        0xc 
 .text          0x08000580       0xd8 C:/CLionToolchains/gcc-arm-none-eabi-10.3-2021.10/bin/../lib/gcc/arm-none-eabi/13.3.1/thumb/v7e-m+fp/hard\libg.a(libc_a-strlen.o)
                0x08000580                strlen
 *fill*         0x08000658        0x8 
 .text          0x08000660       0xa0 C:/CLionToolchains/gcc-arm-none-eabi-10.3-2021.10/bin/../lib/gcc/arm-none-eabi/13.3.1/thumb/v7e-m+fp/hard\libg.a(libc_a-memchr.o)
                0x08000660                memchr
 .text          0x08000700      0x378 C:/CLionToolchains/gcc-arm-none-eabi-10.3-2021.10/bin/../lib/gcc/arm-none-eabi/13.3.1/thumb/v7e-m+fp/hard\libgcc.a(_arm_addsubdf3.o)
                0x08000700                __aeabi_drsub
                0x08000708                __aeabi_dsub
                0x08000708                __subdf3
                0x0800070c                __aeabi_dadd
                0x0800070c                __adddf3
                0x08000984                __floatunsidf
                0x08000984                __aeabi_ui2d
                0x080009a4                __floatsidf
                0x080009a4                __aeabi_i2d
                0x080009c8                __aeabi_f2d
                0x080009c8                __extendsfdf2
                0x08000a0c                __floatundidf
                0x08000a0c                __aeabi_ul2d
                0x08000a1c                __floatdidf
                0x08000a1c                __aeabi_l2d
 .text          0x08000a78      0x424 C:/CLionToolchains/gcc-arm-none-eabi-10.3-2021.10/bin/../lib/gcc/arm-none-eabi/13.3.1/thumb/v7e-m+fp/hard\libgcc.a(_arm_muldivdf3.o)
                0x08000a78                __aeabi_dmul
                0x08000a78                __muldf3
                0x08000ccc                __divdf3
                0x08000ccc                __aeabi_ddiv
 .text          0x08000e9c      0x110 C:/CLionToolchains/gcc-arm-none-eabi-10.3-2021.10/bin/../lib/gcc/arm-none-eabi/13.3.1/thumb/v7e-m+fp/hard\libgcc.a(_arm_cmpdf2.o)
                0x08000e9c                __gtdf2
                0x08000e9c                __gedf2
                0x08000ea4                __ltdf2
                0x08000ea4                __ledf2
                0x08000eac                __nedf2
                0x08000eac                __eqdf2
                0x08000eac                __cmpdf2
                0x08000f28                __aeabi_cdrcmple
                0x08000f38                __aeabi_cdcmpeq
                0x08000f38                __aeabi_cdcmple
                0x08000f48                __aeabi_dcmpeq
                0x08000f5c                __aeabi_dcmplt
                0x08000f70                __aeabi_dcmple
                0x08000f84                __aeabi_dcmpge
                0x08000f98                __aeabi_dcmpgt
 .text          0x08000fac       0x40 C:/CLionToolchains/gcc-arm-none-eabi-10.3-2021.10/bin/../lib/gcc/arm-none-eabi/13.3.1/thumb/v7e-m+fp/hard\libgcc.a(_arm_fixunsdfsi.o)
                0x08000fac                __aeabi_d2uiz
                0x08000fac                __fixunsdfsi
 *(.text*)
 .text.deregister_tm_clones
                0x08000fec       0x1c C:/CLionToolchains/gcc-arm-none-eabi-10.3-2021.10/bin/../lib/gcc/arm-none-eabi/13.3.1/thumb/v7e-m+fp/hard/crtbegin.o
 .text.register_tm_clones
                0x08001008       0x24 C:/CLionToolchains/gcc-arm-none-eabi-10.3-2021.10/bin/../lib/gcc/arm-none-eabi/13.3.1/thumb/v7e-m+fp/hard/crtbegin.o
 .text.__do_global_dtors_aux
                0x0800102c       0x28 C:/CLionToolchains/gcc-arm-none-eabi-10.3-2021.10/bin/../lib/gcc/arm-none-eabi/13.3.1/thumb/v7e-m+fp/hard/crtbegin.o
 .text.frame_dummy
                0x08001054       0x24 C:/CLionToolchains/gcc-arm-none-eabi-10.3-2021.10/bin/../lib/gcc/arm-none-eabi/13.3.1/thumb/v7e-m+fp/hard/crtbegin.o
 .text.MX_CAN1_Init
                0x08001078       0x40 CMakeFiles/RM2027.elf.dir/Core/Src/can.c.obj
                0x08001078                MX_CAN1_Init
 .text.HAL_CAN_MspInit
                0x080010b8       0x80 CMakeFiles/RM2027.elf.dir/Core/Src/can.c.obj
                0x080010b8                HAL_CAN_MspInit
 .text.StartDefaultTask
                0x08001138        0xa CMakeFiles/RM2027.elf.dir/Core/Src/freertos.c.obj
                0x08001138                StartDefaultTask
 *fill*         0x08001142        0x2 
 .text.vApplicationGetIdleTaskMemory
                0x08001144       0x18 CMakeFiles/RM2027.elf.dir/Core/Src/freertos.c.obj
                0x08001144                vApplicationGetIdleTaskMemory
 .text.MX_FREERTOS_Init
                0x0800115c       0x84 CMakeFiles/RM2027.elf.dir/Core/Src/freertos.c.obj
                0x0800115c                MX_FREERTOS_Init
 .text.MX_GPIO_Init
                0x080011e0       0x80 CMakeFiles/RM2027.elf.dir/Core/Src/gpio.c.obj
                0x080011e0                MX_GPIO_Init
 .text.Rtos_Init
                0x08001260        0xc CMakeFiles/RM2027.elf.dir/Core/Src/main.c.obj
                0x08001260                Rtos_Init
 .text.HAL_TIM_PeriodElapsedCallback
                0x0800126c       0x12 CMakeFiles/RM2027.elf.dir/Core/Src/main.c.obj
                0x0800126c                HAL_TIM_PeriodElapsedCallback
 .text.Error_Handler
                0x0800127e        0x4 CMakeFiles/RM2027.elf.dir/Core/Src/main.c.obj
                0x0800127e                Error_Handler
 *fill*         0x08001282        0x2 
 .text.SystemClock_Config
                0x08001284       0xa4 CMakeFiles/RM2027.elf.dir/Core/Src/main.c.obj
                0x08001284                SystemClock_Config
 .text.main_init
                0x08001328       0x18 CMakeFiles/RM2027.elf.dir/Core/Src/main.c.obj
                0x08001328                main_init
 .text.main     0x08001340       0x1c CMakeFiles/RM2027.elf.dir/Core/Src/main.cpp.obj
                0x08001340                main
 .text.HAL_MspInit
                0x0800135c       0x44 CMakeFiles/RM2027.elf.dir/Core/Src/stm32f4xx_hal_msp.c.obj
                0x0800135c                HAL_MspInit
 .text.HAL_InitTick
                0x080013a0       0xa4 CMakeFiles/RM2027.elf.dir/Core/Src/stm32f4xx_hal_timebase_tim.c.obj
                0x080013a0                HAL_InitTick
 .text.NMI_Handler
                0x08001444        0x2 CMakeFiles/RM2027.elf.dir/Core/Src/stm32f4xx_it.c.obj
                0x08001444                NMI_Handler
 .text.HardFault_Handler
                0x08001446        0x2 CMakeFiles/RM2027.elf.dir/Core/Src/stm32f4xx_it.c.obj
                0x08001446                HardFault_Handler
 .text.MemManage_Handler
                0x08001448        0x2 CMakeFiles/RM2027.elf.dir/Core/Src/stm32f4xx_it.c.obj
                0x08001448                MemManage_Handler
 .text.BusFault_Handler
                0x0800144a        0x2 CMakeFiles/RM2027.elf.dir/Core/Src/stm32f4xx_it.c.obj
                0x0800144a                BusFault_Handler
 .text.UsageFault_Handler
                0x0800144c        0x2 CMakeFiles/RM2027.elf.dir/Core/Src/stm32f4xx_it.c.obj
                0x0800144c                UsageFault_Handler
 .text.DebugMon_Handler
                0x0800144e        0x2 CMakeFiles/RM2027.elf.dir/Core/Src/stm32f4xx_it.c.obj
                0x0800144e                DebugMon_Handler
 .text.CAN1_RX0_IRQHandler
                0x08001450       0x10 CMakeFiles/RM2027.elf.dir/Core/Src/stm32f4xx_it.c.obj
                0x08001450                CAN1_RX0_IRQHandler
 .text.TIM2_IRQHandler
                0x08001460       0x10 CMakeFiles/RM2027.elf.dir/Core/Src/stm32f4xx_it.c.obj
                0x08001460                TIM2_IRQHandler
 .text.USART1_IRQHandler
                0x08001470       0x10 CMakeFiles/RM2027.elf.dir/Core/Src/stm32f4xx_it.c.obj
                0x08001470                USART1_IRQHandler
 .text._getpid  0x08001480        0x4 CMakeFiles/RM2027.elf.dir/Core/Src/syscalls.c.obj
                0x08001480                _getpid
 .text._kill    0x08001484       0x10 CMakeFiles/RM2027.elf.dir/Core/Src/syscalls.c.obj
                0x08001484                _kill
 .text._exit    0x08001494        0xc CMakeFiles/RM2027.elf.dir/Core/Src/syscalls.c.obj
                0x08001494                _exit
 .text._read    0x080014a0       0x20 CMakeFiles/RM2027.elf.dir/Core/Src/syscalls.c.obj
                0x080014a0                _read
 .text._write   0x080014c0       0x1c CMakeFiles/RM2027.elf.dir/Core/Src/syscalls.c.obj
                0x080014c0                _write
 .text._close   0x080014dc        0x6 CMakeFiles/RM2027.elf.dir/Core/Src/syscalls.c.obj
                0x080014dc                _close
 .text._fstat   0x080014e2        0xa CMakeFiles/RM2027.elf.dir/Core/Src/syscalls.c.obj
                0x080014e2                _fstat
 .text._isatty  0x080014ec        0x4 CMakeFiles/RM2027.elf.dir/Core/Src/syscalls.c.obj
                0x080014ec                _isatty
 .text._lseek   0x080014f0        0x4 CMakeFiles/RM2027.elf.dir/Core/Src/syscalls.c.obj
                0x080014f0                _lseek
 .text._sbrk    0x080014f4       0x48 CMakeFiles/RM2027.elf.dir/Core/Src/sysmem.c.obj
                0x080014f4                _sbrk
 .text.SystemInit
                0x0800153c       0x14 CMakeFiles/RM2027.elf.dir/Core/Src/system_stm32f4xx.c.obj
                0x0800153c                SystemInit
 .text.MX_USART1_UART_Init
                0x08001550       0x34 CMakeFiles/RM2027.elf.dir/Core/Src/usart.c.obj
                0x08001550                MX_USART1_UART_Init
 .text.HAL_UART_MspInit
                0x08001584       0x80 CMakeFiles/RM2027.elf.dir/Core/Src/usart.c.obj
                0x08001584                HAL_UART_MspInit
 .text.Reset_Handler
                0x08001604       0x50 CMakeFiles/RM2027.elf.dir/Core/Startup/startup_stm32f407ighx.s.obj
                0x08001604                Reset_Handler
 .text.Default_Handler
                0x08001654        0x2 CMakeFiles/RM2027.elf.dir/Core/Startup/startup_stm32f407ighx.s.obj
                0x08001654                RTC_Alarm_IRQHandler
                0x08001654                HASH_RNG_IRQHandler
                0x08001654                EXTI2_IRQHandler
                0x08001654                TIM8_CC_IRQHandler
                0x08001654                TIM1_CC_IRQHandler
                0x08001654                DMA2_Stream5_IRQHandler
                0x08001654                DMA1_Stream5_IRQHandler
                0x08001654                PVD_IRQHandler
                0x08001654                SDIO_IRQHandler
                0x08001654                TAMP_STAMP_IRQHandler
                0x08001654                CAN2_RX1_IRQHandler
                0x08001654                EXTI3_IRQHandler
                0x08001654                TIM8_TRG_COM_TIM14_IRQHandler
                0x08001654                TIM1_UP_TIM10_IRQHandler
                0x08001654                TIM8_UP_TIM13_IRQHandler
                0x08001654                I2C3_ER_IRQHandler
                0x08001654                EXTI0_IRQHandler
                0x08001654                I2C2_EV_IRQHandler
                0x08001654                DMA1_Stream2_IRQHandler
                0x08001654                FPU_IRQHandler
                0x08001654                OTG_HS_WKUP_IRQHandler
                0x08001654                CAN2_SCE_IRQHandler
                0x08001654                DMA2_Stream2_IRQHandler
                0x08001654                SPI1_IRQHandler
                0x08001654                TIM6_DAC_IRQHandler
                0x08001654                TIM1_BRK_TIM9_IRQHandler
                0x08001654                DCMI_IRQHandler
                0x08001654                CAN2_RX0_IRQHandler
                0x08001654                DMA2_Stream3_IRQHandler
                0x08001654                USART6_IRQHandler
                0x08001654                USART3_IRQHandler
                0x08001654                CAN1_RX1_IRQHandler
                0x08001654                UART5_IRQHandler
                0x08001654                DMA2_Stream0_IRQHandler
                0x08001654                TIM4_IRQHandler
                0x08001654                I2C1_EV_IRQHandler
                0x08001654                DMA1_Stream6_IRQHandler
                0x08001654                DMA1_Stream1_IRQHandler
                0x08001654                UART4_IRQHandler
                0x08001654                TIM3_IRQHandler
                0x08001654                RCC_IRQHandler
                0x08001654                TIM8_BRK_TIM12_IRQHandler
                0x08001654                Default_Handler
                0x08001654                EXTI15_10_IRQHandler
                0x08001654                ADC_IRQHandler
                0x08001654                DMA1_Stream7_IRQHandler
                0x08001654                TIM7_IRQHandler
                0x08001654                CAN2_TX_IRQHandler
                0x08001654                TIM5_IRQHandler
                0x08001654                DMA2_Stream7_IRQHandler
                0x08001654                I2C3_EV_IRQHandler
                0x08001654                EXTI9_5_IRQHandler
                0x08001654                RTC_WKUP_IRQHandler
                0x08001654                ETH_WKUP_IRQHandler
                0x08001654                SPI2_IRQHandler
                0x08001654                OTG_HS_EP1_IN_IRQHandler
                0x08001654                DMA1_Stream0_IRQHandler
                0x08001654                CAN1_TX_IRQHandler
                0x08001654                EXTI4_IRQHandler
                0x08001654                FSMC_IRQHandler
                0x08001654                ETH_IRQHandler
                0x08001654                OTG_HS_EP1_OUT_IRQHandler
                0x08001654                WWDG_IRQHandler
                0x08001654                OTG_FS_WKUP_IRQHandler
                0x08001654                TIM1_TRG_COM_TIM11_IRQHandler
                0x08001654                OTG_HS_IRQHandler
                0x08001654                EXTI1_IRQHandler
                0x08001654                USART2_IRQHandler
                0x08001654                I2C2_ER_IRQHandler
                0x08001654                DMA2_Stream1_IRQHandler
                0x08001654                CAN1_SCE_IRQHandler
                0x08001654                FLASH_IRQHandler
                0x08001654                DMA2_Stream4_IRQHandler
                0x08001654                OTG_FS_IRQHandler
                0x08001654                SPI3_IRQHandler
                0x08001654                DMA1_Stream4_IRQHandler
                0x08001654                I2C1_ER_IRQHandler
                0x08001654                DMA2_Stream6_IRQHandler
                0x08001654                DMA1_Stream3_IRQHandler
 *fill*         0x08001656        0x2 
 .text.HAL_Init
                0x08001658       0x34 CMakeFiles/RM2027.elf.dir/Drivers/STM32F4xx_HAL_Driver/Src/stm32f4xx_hal.c.obj
                0x08001658                HAL_Init
 .text.HAL_IncTick
                0x0800168c       0x18 CMakeFiles/RM2027.elf.dir/Drivers/STM32F4xx_HAL_Driver/Src/stm32f4xx_hal.c.obj
                0x0800168c                HAL_IncTick
 .text.HAL_GetTick
                0x080016a4        0xc CMakeFiles/RM2027.elf.dir/Drivers/STM32F4xx_HAL_Driver/Src/stm32f4xx_hal.c.obj
                0x080016a4                HAL_GetTick
 .text.HAL_CAN_Init
                0x080016b0      0x14c CMakeFiles/RM2027.elf.dir/Drivers/STM32F4xx_HAL_Driver/Src/stm32f4xx_hal_can.c.obj
                0x080016b0                HAL_CAN_Init
 .text.HAL_CAN_ConfigFilter
                0x080017fc      0x138 CMakeFiles/RM2027.elf.dir/Drivers/STM32F4xx_HAL_Driver/Src/stm32f4xx_hal_can.c.obj
                0x080017fc                HAL_CAN_ConfigFilter
 .text.HAL_CAN_Start
                0x08001934       0x5c CMakeFiles/RM2027.elf.dir/Drivers/STM32F4xx_HAL_Driver/Src/stm32f4xx_hal_can.c.obj
                0x08001934                HAL_CAN_Start
 .text.HAL_CAN_AddTxMessage
                0x08001990       0xea CMakeFiles/RM2027.elf.dir/Drivers/STM32F4xx_HAL_Driver/Src/stm32f4xx_hal_can.c.obj
                0x08001990                HAL_CAN_AddTxMessage
 .text.HAL_CAN_GetRxMessage
                0x08001a7a      0x16a CMakeFiles/RM2027.elf.dir/Drivers/STM32F4xx_HAL_Driver/Src/stm32f4xx_hal_can.c.obj
                0x08001a7a                HAL_CAN_GetRxMessage
 .text.HAL_CAN_ActivateNotification
                0x08001be4       0x24 CMakeFiles/RM2027.elf.dir/Drivers/STM32F4xx_HAL_Driver/Src/stm32f4xx_hal_can.c.obj
                0x08001be4                HAL_CAN_ActivateNotification
 .text.HAL_CAN_TxMailbox0CompleteCallback
                0x08001c08        0x2 CMakeFiles/RM2027.elf.dir/Drivers/STM32F4xx_HAL_Driver/Src/stm32f4xx_hal_can.c.obj
                0x08001c08                HAL_CAN_TxMailbox0CompleteCallback
 .text.HAL_CAN_TxMailbox1CompleteCallback
                0x08001c0a        0x2 CMakeFiles/RM2027.elf.dir/Drivers/STM32F4xx_HAL_Driver/Src/stm32f4xx_hal_can.c.obj
                0x08001c0a                HAL_CAN_TxMailbox1CompleteCallback
 .text.HAL_CAN_TxMailbox2CompleteCallback
                0x08001c0c        0x2 CMakeFiles/RM2027.elf.dir/Drivers/STM32F4xx_HAL_Driver/Src/stm32f4xx_hal_can.c.obj
                0x08001c0c                HAL_CAN_TxMailbox2CompleteCallback
 .text.HAL_CAN_TxMailbox0AbortCallback
                0x08001c0e        0x2 CMakeFiles/RM2027.elf.dir/Drivers/STM32F4xx_HAL_Driver/Src/stm32f4xx_hal_can.c.obj
                0x08001c0e                HAL_CAN_TxMailbox0AbortCallback
 .text.HAL_CAN_TxMailbox1AbortCallback
                0x08001c10        0x2 CMakeFiles/RM2027.elf.dir/Drivers/STM32F4xx_HAL_Driver/Src/stm32f4xx_hal_can.c.obj
                0x08001c10                HAL_CAN_TxMailbox1AbortCallback
 .text.HAL_CAN_TxMailbox2AbortCallback
                0x08001c12        0x2 CMakeFiles/RM2027.elf.dir/Drivers/STM32F4xx_HAL_Driver/Src/stm32f4xx_hal_can.c.obj
                0x08001c12                HAL_CAN_TxMailbox2AbortCallback
 .text.HAL_CAN_RxFifo0FullCallback
                0x08001c14        0x2 CMakeFiles/RM2027.elf.dir/Drivers/STM32F4xx_HAL_Driver/Src/stm32f4xx_hal_can.c.obj
                0x08001c14                HAL_CAN_RxFifo0FullCallback
 .text.HAL_CAN_RxFifo1MsgPendingCallback
                0x08001c16        0x2 CMakeFiles/RM2027.elf.dir/Drivers/STM32F4xx_HAL_Driver/Src/stm32f4xx_hal_can.c.obj
                0x08001c16                HAL_CAN_RxFifo1MsgPendingCallback
 .text.HAL_CAN_RxFifo1FullCallback
                0x08001c18        0x2 CMakeFiles/RM2027.elf.dir/Drivers/STM32F4xx_HAL_Driver/Src/stm32f4xx_hal_can.c.obj
                0x08001c18                HAL_CAN_RxFifo1FullCallback
 .text.HAL_CAN_SleepCallback
                0x08001c1a        0x2 CMakeFiles/RM2027.elf.dir/Drivers/STM32F4xx_HAL_Driver/Src/stm32f4xx_hal_can.c.obj
                0x08001c1a                HAL_CAN_SleepCallback
 .text.HAL_CAN_WakeUpFromRxMsgCallback
                0x08001c1c        0x2 CMakeFiles/RM2027.elf.dir/Drivers/STM32F4xx_HAL_Driver/Src/stm32f4xx_hal_can.c.obj
                0x08001c1c                HAL_CAN_WakeUpFromRxMsgCallback
 .text.HAL_CAN_ErrorCallback
                0x08001c1e        0x2 CMakeFiles/RM2027.elf.dir/Drivers/STM32F4xx_HAL_Driver/Src/stm32f4xx_hal_can.c.obj
                0x08001c1e                HAL_CAN_ErrorCallback
 .text.HAL_CAN_IRQHandler
                0x08001c20      0x250 CMakeFiles/RM2027.elf.dir/Drivers/STM32F4xx_HAL_Driver/Src/stm32f4xx_hal_can.c.obj
                0x08001c20                HAL_CAN_IRQHandler
 .text.__NVIC_EnableIRQ
                0x08001e70       0x1c CMakeFiles/RM2027.elf.dir/Drivers/STM32F4xx_HAL_Driver/Src/stm32f4xx_hal_cortex.c.obj
 .text.__NVIC_SetPriority
                0x08001e8c       0x28 CMakeFiles/RM2027.elf.dir/Drivers/STM32F4xx_HAL_Driver/Src/stm32f4xx_hal_cortex.c.obj
 .text.NVIC_EncodePriority
                0x08001eb4       0x3e CMakeFiles/RM2027.elf.dir/Drivers/STM32F4xx_HAL_Driver/Src/stm32f4xx_hal_cortex.c.obj
 *fill*         0x08001ef2        0x2 
 .text.HAL_NVIC_SetPriorityGrouping
                0x08001ef4       0x24 CMakeFiles/RM2027.elf.dir/Drivers/STM32F4xx_HAL_Driver/Src/stm32f4xx_hal_cortex.c.obj
                0x08001ef4                HAL_NVIC_SetPriorityGrouping
 .text.HAL_NVIC_SetPriority
                0x08001f18       0x20 CMakeFiles/RM2027.elf.dir/Drivers/STM32F4xx_HAL_Driver/Src/stm32f4xx_hal_cortex.c.obj
                0x08001f18                HAL_NVIC_SetPriority
 .text.HAL_NVIC_EnableIRQ
                0x08001f38        0x8 CMakeFiles/RM2027.elf.dir/Drivers/STM32F4xx_HAL_Driver/Src/stm32f4xx_hal_cortex.c.obj
                0x08001f38                HAL_NVIC_EnableIRQ
 .text.HAL_DMA_Abort
                0x08001f40       0x94 CMakeFiles/RM2027.elf.dir/Drivers/STM32F4xx_HAL_Driver/Src/stm32f4xx_hal_dma.c.obj
                0x08001f40                HAL_DMA_Abort
 .text.HAL_DMA_Abort_IT
                0x08001fd4       0x26 CMakeFiles/RM2027.elf.dir/Drivers/STM32F4xx_HAL_Driver/Src/stm32f4xx_hal_dma.c.obj
                0x08001fd4                HAL_DMA_Abort_IT
 *fill*         0x08001ffa        0x2 
 .text.HAL_GPIO_Init
                0x08001ffc      0x1ec CMakeFiles/RM2027.elf.dir/Drivers/STM32F4xx_HAL_Driver/Src/stm32f4xx_hal_gpio.c.obj
                0x08001ffc                HAL_GPIO_Init
 .text.HAL_GPIO_WritePin
                0x080021e8        0xc CMakeFiles/RM2027.elf.dir/Drivers/STM32F4xx_HAL_Driver/Src/stm32f4xx_hal_gpio.c.obj
                0x080021e8                HAL_GPIO_WritePin
 .text.HAL_RCC_OscConfig
                0x080021f4      0x3f8 CMakeFiles/RM2027.elf.dir/Drivers/STM32F4xx_HAL_Driver/Src/stm32f4xx_hal_rcc.c.obj
                0x080021f4                HAL_RCC_OscConfig
 .text.HAL_RCC_GetSysClockFreq
                0x080025ec       0xa8 CMakeFiles/RM2027.elf.dir/Drivers/STM32F4xx_HAL_Driver/Src/stm32f4xx_hal_rcc.c.obj
                0x080025ec                HAL_RCC_GetSysClockFreq
 .text.HAL_RCC_ClockConfig
                0x08002694      0x160 CMakeFiles/RM2027.elf.dir/Drivers/STM32F4xx_HAL_Driver/Src/stm32f4xx_hal_rcc.c.obj
                0x08002694                HAL_RCC_ClockConfig
 .text.HAL_RCC_GetHCLKFreq
                0x080027f4        0xc CMakeFiles/RM2027.elf.dir/Drivers/STM32F4xx_HAL_Driver/Src/stm32f4xx_hal_rcc.c.obj
                0x080027f4                HAL_RCC_GetHCLKFreq
 .text.HAL_RCC_GetPCLK1Freq
                0x08002800       0x20 CMakeFiles/RM2027.elf.dir/Drivers/STM32F4xx_HAL_Driver/Src/stm32f4xx_hal_rcc.c.obj
                0x08002800                HAL_RCC_GetPCLK1Freq
 .text.HAL_RCC_GetPCLK2Freq
                0x08002820       0x20 CMakeFiles/RM2027.elf.dir/Drivers/STM32F4xx_HAL_Driver/Src/stm32f4xx_hal_rcc.c.obj
                0x08002820                HAL_RCC_GetPCLK2Freq
 .text.HAL_RCC_GetClockConfig
                0x08002840       0x3c CMakeFiles/RM2027.elf.dir/Drivers/STM32F4xx_HAL_Driver/Src/stm32f4xx_hal_rcc.c.obj
                0x08002840                HAL_RCC_GetClockConfig
 .text.HAL_TIM_Base_MspInit
                0x0800287c        0x2 CMakeFiles/RM2027.elf.dir/Drivers/STM32F4xx_HAL_Driver/Src/stm32f4xx_hal_tim.c.obj
                0x0800287c                HAL_TIM_Base_MspInit
 *fill*         0x0800287e        0x2 
 .text.HAL_TIM_Base_Start_IT
                0x08002880       0x88 CMakeFiles/RM2027.elf.dir/Drivers/STM32F4xx_HAL_Driver/Src/stm32f4xx_hal_tim.c.obj
                0x08002880                HAL_TIM_Base_Start_IT
 .text.HAL_TIM_OC_DelayElapsedCallback
                0x08002908        0x2 CMakeFiles/RM2027.elf.dir/Drivers/STM32F4xx_HAL_Driver/Src/stm32f4xx_hal_tim.c.obj
                0x08002908                HAL_TIM_OC_DelayElapsedCallback
 .text.HAL_TIM_IC_CaptureCallback
                0x0800290a        0x2 CMakeFiles/RM2027.elf.dir/Drivers/STM32F4xx_HAL_Driver/Src/stm32f4xx_hal_tim.c.obj
                0x0800290a                HAL_TIM_IC_CaptureCallback
 .text.HAL_TIM_PWM_PulseFinishedCallback
                0x0800290c        0x2 CMakeFiles/RM2027.elf.dir/Drivers/STM32F4xx_HAL_Driver/Src/stm32f4xx_hal_tim.c.obj
                0x0800290c                HAL_TIM_PWM_PulseFinishedCallback
 .text.HAL_TIM_TriggerCallback
                0x0800290e        0x2 CMakeFiles/RM2027.elf.dir/Drivers/STM32F4xx_HAL_Driver/Src/stm32f4xx_hal_tim.c.obj
                0x0800290e                HAL_TIM_TriggerCallback
 .text.HAL_TIM_IRQHandler
                0x08002910      0x15e CMakeFiles/RM2027.elf.dir/Drivers/STM32F4xx_HAL_Driver/Src/stm32f4xx_hal_tim.c.obj
                0x08002910                HAL_TIM_IRQHandler
 *fill*         0x08002a6e        0x2 
 .text.TIM_Base_SetConfig
                0x08002a70       0xd0 CMakeFiles/RM2027.elf.dir/Drivers/STM32F4xx_HAL_Driver/Src/stm32f4xx_hal_tim.c.obj
                0x08002a70                TIM_Base_SetConfig
 .text.HAL_TIM_Base_Init
                0x08002b40       0x58 CMakeFiles/RM2027.elf.dir/Drivers/STM32F4xx_HAL_Driver/Src/stm32f4xx_hal_tim.c.obj
                0x08002b40                HAL_TIM_Base_Init
 .text.HAL_TIMEx_CommutCallback
                0x08002b98        0x2 CMakeFiles/RM2027.elf.dir/Drivers/STM32F4xx_HAL_Driver/Src/stm32f4xx_hal_tim_ex.c.obj
                0x08002b98                HAL_TIMEx_CommutCallback
 .text.HAL_TIMEx_BreakCallback
                0x08002b9a        0x2 CMakeFiles/RM2027.elf.dir/Drivers/STM32F4xx_HAL_Driver/Src/stm32f4xx_hal_tim_ex.c.obj
                0x08002b9a                HAL_TIMEx_BreakCallback
 .text.UART_EndRxTransfer
                0x08002b9c       0x5c CMakeFiles/RM2027.elf.dir/Drivers/STM32F4xx_HAL_Driver/Src/stm32f4xx_hal_uart.c.obj
 .text.UART_Transmit_IT
                0x08002bf8       0x60 CMakeFiles/RM2027.elf.dir/Drivers/STM32F4xx_HAL_Driver/Src/stm32f4xx_hal_uart.c.obj
 .text.UART_SetConfig
                0x08002c58      0x110 CMakeFiles/RM2027.elf.dir/Drivers/STM32F4xx_HAL_Driver/Src/stm32f4xx_hal_uart.c.obj
 .text.UART_WaitOnFlagUntilTimeout
                0x08002d68       0x86 CMakeFiles/RM2027.elf.dir/Drivers/STM32F4xx_HAL_Driver/Src/stm32f4xx_hal_uart.c.obj
 .text.HAL_UART_Init
                0x08002dee       0x60 CMakeFiles/RM2027.elf.dir/Drivers/STM32F4xx_HAL_Driver/Src/stm32f4xx_hal_uart.c.obj
                0x08002dee                HAL_UART_Init
 .text.HAL_UART_Transmit
                0x08002e4e       0xcc CMakeFiles/RM2027.elf.dir/Drivers/STM32F4xx_HAL_Driver/Src/stm32f4xx_hal_uart.c.obj
                0x08002e4e                HAL_UART_Transmit
 .text.HAL_UART_TxCpltCallback
                0x08002f1a        0x2 CMakeFiles/RM2027.elf.dir/Drivers/STM32F4xx_HAL_Driver/Src/stm32f4xx_hal_uart.c.obj
                0x08002f1a                HAL_UART_TxCpltCallback
 .text.UART_EndTransmit_IT
                0x08002f1c       0x1a CMakeFiles/RM2027.elf.dir/Drivers/STM32F4xx_HAL_Driver/Src/stm32f4xx_hal_uart.c.obj
 .text.HAL_UART_ErrorCallback
                0x08002f36        0x2 CMakeFiles/RM2027.elf.dir/Drivers/STM32F4xx_HAL_Driver/Src/stm32f4xx_hal_uart.c.obj
                0x08002f36                HAL_UART_ErrorCallback
 .text.UART_DMAAbortOnError
                0x08002f38        0xe CMakeFiles/RM2027.elf.dir/Drivers/STM32F4xx_HAL_Driver/Src/stm32f4xx_hal_uart.c.obj
 .text.HAL_UARTEx_RxEventCallback
                0x08002f46        0x2 CMakeFiles/RM2027.elf.dir/Drivers/STM32F4xx_HAL_Driver/Src/stm32f4xx_hal_uart.c.obj
                0x08002f46                HAL_UARTEx_RxEventCallback
 .text.UART_Receive_IT
                0x08002f48       0xe6 CMakeFiles/RM2027.elf.dir/Drivers/STM32F4xx_HAL_Driver/Src/stm32f4xx_hal_uart.c.obj
 *fill*         0x0800302e        0x2 
 .text.HAL_UART_IRQHandler
                0x08003030      0x2a0 CMakeFiles/RM2027.elf.dir/Drivers/STM32F4xx_HAL_Driver/Src/stm32f4xx_hal_uart.c.obj
                0x08003030                HAL_UART_IRQHandler
 .text.UART_Start_Receive_IT
                0x080032d0       0x36 CMakeFiles/RM2027.elf.dir/Drivers/STM32F4xx_HAL_Driver/Src/stm32f4xx_hal_uart.c.obj
                0x080032d0                UART_Start_Receive_IT
 .text.HAL_UART_Receive_IT
                0x08003306       0x26 CMakeFiles/RM2027.elf.dir/Drivers/STM32F4xx_HAL_Driver/Src/stm32f4xx_hal_uart.c.obj
                0x08003306                HAL_UART_Receive_IT
 .text.makeFreeRtosPriority
                0x0800332c        0xc CMakeFiles/RM2027.elf.dir/Middlewares/Third_Party/FreeRTOS/Source/CMSIS_RTOS/cmsis_os.c.obj
 .text.osKernelStart
                0x08003338        0xa CMakeFiles/RM2027.elf.dir/Middlewares/Third_Party/FreeRTOS/Source/CMSIS_RTOS/cmsis_os.c.obj
                0x08003338                osKernelStart
 .text.osThreadCreate
                0x08003342       0x66 CMakeFiles/RM2027.elf.dir/Middlewares/Third_Party/FreeRTOS/Source/CMSIS_RTOS/cmsis_os.c.obj
                0x08003342                osThreadCreate
 .text.osDelay  0x080033a8        0xe CMakeFiles/RM2027.elf.dir/Middlewares/Third_Party/FreeRTOS/Source/CMSIS_RTOS/cmsis_os.c.obj
                0x080033a8                osDelay
 .text.vListInitialise
                0x080033b6       0x16 CMakeFiles/RM2027.elf.dir/Middlewares/Third_Party/FreeRTOS/Source/list.c.obj
                0x080033b6                vListInitialise
 .text.vListInitialiseItem
                0x080033cc        0x6 CMakeFiles/RM2027.elf.dir/Middlewares/Third_Party/FreeRTOS/Source/list.c.obj
                0x080033cc                vListInitialiseItem
 .text.vListInsertEnd
                0x080033d2       0x16 CMakeFiles/RM2027.elf.dir/Middlewares/Third_Party/FreeRTOS/Source/list.c.obj
                0x080033d2                vListInsertEnd
 .text.vListInsert
                0x080033e8       0x32 CMakeFiles/RM2027.elf.dir/Middlewares/Third_Party/FreeRTOS/Source/list.c.obj
                0x080033e8                vListInsert
 .text.uxListRemove
                0x0800341a       0x26 CMakeFiles/RM2027.elf.dir/Middlewares/Third_Party/FreeRTOS/Source/list.c.obj
                0x0800341a                uxListRemove
 .text.prvTaskExitError
                0x08003440       0x40 CMakeFiles/RM2027.elf.dir/Middlewares/Third_Party/FreeRTOS/Source/portable/GCC/ARM_CM4F/port.c.obj
 .text.prvPortStartFirstTask
                0x08003480       0x28 CMakeFiles/RM2027.elf.dir/Middlewares/Third_Party/FreeRTOS/Source/portable/GCC/ARM_CM4F/port.c.obj
 .text.vPortEnableVFP
                0x080034a8       0x14 CMakeFiles/RM2027.elf.dir/Middlewares/Third_Party/FreeRTOS/Source/portable/GCC/ARM_CM4F/port.c.obj
 .text.pxPortInitialiseStack
                0x080034bc       0x2c CMakeFiles/RM2027.elf.dir/Middlewares/Third_Party/FreeRTOS/Source/portable/GCC/ARM_CM4F/port.c.obj
                0x080034bc                pxPortInitialiseStack
 *fill*         0x080034e8        0x8 
 .text.SVC_Handler
                0x080034f0       0x24 CMakeFiles/RM2027.elf.dir/Middlewares/Third_Party/FreeRTOS/Source/portable/GCC/ARM_CM4F/port.c.obj
                0x080034f0                SVC_Handler
 .text.vPortEnterCritical
                0x08003514       0x44 CMakeFiles/RM2027.elf.dir/Middlewares/Third_Party/FreeRTOS/Source/portable/GCC/ARM_CM4F/port.c.obj
                0x08003514                vPortEnterCritical
 .text.vPortExitCritical
                0x08003558       0x2c CMakeFiles/RM2027.elf.dir/Middlewares/Third_Party/FreeRTOS/Source/portable/GCC/ARM_CM4F/port.c.obj
                0x08003558                vPortExitCritical
 *fill*         0x08003584        0xc 
 .text.PendSV_Handler
                0x08003590       0x64 CMakeFiles/RM2027.elf.dir/Middlewares/Third_Party/FreeRTOS/Source/portable/GCC/ARM_CM4F/port.c.obj
                0x08003590                PendSV_Handler
 .text.SysTick_Handler
                0x080035f4       0x2c CMakeFiles/RM2027.elf.dir/Middlewares/Third_Party/FreeRTOS/Source/portable/GCC/ARM_CM4F/port.c.obj
                0x080035f4                SysTick_Handler
 .text.vPortSetupTimerInterrupt
                0x08003620       0x28 CMakeFiles/RM2027.elf.dir/Middlewares/Third_Party/FreeRTOS/Source/portable/GCC/ARM_CM4F/port.c.obj
                0x08003620                vPortSetupTimerInterrupt
 .text.xPortStartScheduler
                0x08003648      0x118 CMakeFiles/RM2027.elf.dir/Middlewares/Third_Party/FreeRTOS/Source/portable/GCC/ARM_CM4F/port.c.obj
                0x08003648                xPortStartScheduler
 .text.prvHeapInit
                0x08003760       0x64 CMakeFiles/RM2027.elf.dir/Middlewares/Third_Party/FreeRTOS/Source/portable/MemMang/heap_4.c.obj
 .text.prvInsertBlockIntoFreeList
                0x080037c4       0x64 CMakeFiles/RM2027.elf.dir/Middlewares/Third_Party/FreeRTOS/Source/portable/MemMang/heap_4.c.obj
 .text.pvPortMalloc
                0x08003828      0x104 CMakeFiles/RM2027.elf.dir/Middlewares/Third_Party/FreeRTOS/Source/portable/MemMang/heap_4.c.obj
                0x08003828                pvPortMalloc
 .text.vPortFree
                0x0800392c       0x7c CMakeFiles/RM2027.elf.dir/Middlewares/Third_Party/FreeRTOS/Source/portable/MemMang/heap_4.c.obj
                0x0800392c                vPortFree
 .text.prvResetNextTaskUnblockTime
                0x080039a8       0x2c CMakeFiles/RM2027.elf.dir/Middlewares/Third_Party/FreeRTOS/Source/tasks.c.obj
 .text.prvInitialiseNewTask
                0x080039d4       0xfc CMakeFiles/RM2027.elf.dir/Middlewares/Third_Party/FreeRTOS/Source/tasks.c.obj
 .text.prvInitialiseTaskLists
                0x08003ad0       0x68 CMakeFiles/RM2027.elf.dir/Middlewares/Third_Party/FreeRTOS/Source/tasks.c.obj
 .text.prvAddNewTaskToReadyList
                0x08003b38       0xa8 CMakeFiles/RM2027.elf.dir/Middlewares/Third_Party/FreeRTOS/Source/tasks.c.obj
 .text.prvDeleteTCB
                0x08003be0       0x40 CMakeFiles/RM2027.elf.dir/Middlewares/Third_Party/FreeRTOS/Source/tasks.c.obj
 .text.prvCheckTasksWaitingTermination
                0x08003c20       0x4c CMakeFiles/RM2027.elf.dir/Middlewares/Third_Party/FreeRTOS/Source/tasks.c.obj
 .text.prvIdleTask
                0x08003c6c       0x28 CMakeFiles/RM2027.elf.dir/Middlewares/Third_Party/FreeRTOS/Source/tasks.c.obj
 .text.prvAddCurrentTaskToDelayedList
                0x08003c94       0x98 CMakeFiles/RM2027.elf.dir/Middlewares/Third_Party/FreeRTOS/Source/tasks.c.obj
 .text.xTaskCreateStatic
                0x08003d2c       0x7a CMakeFiles/RM2027.elf.dir/Middlewares/Third_Party/FreeRTOS/Source/tasks.c.obj
                0x08003d2c                xTaskCreateStatic
 .text.xTaskCreate
                0x08003da6       0x66 CMakeFiles/RM2027.elf.dir/Middlewares/Third_Party/FreeRTOS/Source/tasks.c.obj
                0x08003da6                xTaskCreate
 .text.vTaskStartScheduler
                0x08003e0c       0x84 CMakeFiles/RM2027.elf.dir/Middlewares/Third_Party/FreeRTOS/Source/tasks.c.obj
                0x08003e0c                vTaskStartScheduler
 .text.vTaskSuspendAll
                0x08003e90       0x10 CMakeFiles/RM2027.elf.dir/Middlewares/Third_Party/FreeRTOS/Source/tasks.c.obj
                0x08003e90                vTaskSuspendAll
 .text.xTaskGetTickCount
                0x08003ea0        0xc CMakeFiles/RM2027.elf.dir/Middlewares/Third_Party/FreeRTOS/Source/tasks.c.obj
                0x08003ea0                xTaskGetTickCount
 .text.xTaskIncrementTick
                0x08003eac      0x118 CMakeFiles/RM2027.elf.dir/Middlewares/Third_Party/FreeRTOS/Source/tasks.c.obj
                0x08003eac                xTaskIncrementTick
 .text.xTaskResumeAll
                0x08003fc4       0xf8 CMakeFiles/RM2027.elf.dir/Middlewares/Third_Party/FreeRTOS/Source/tasks.c.obj
                0x08003fc4                xTaskResumeAll
 .text.vTaskDelayUntil
                0x080040bc       0xa4 CMakeFiles/RM2027.elf.dir/Middlewares/Third_Party/FreeRTOS/Source/tasks.c.obj
                0x080040bc                vTaskDelayUntil
 .text.vTaskDelay
                0x08004160       0x4c CMakeFiles/RM2027.elf.dir/Middlewares/Third_Party/FreeRTOS/Source/tasks.c.obj
                0x08004160                vTaskDelay
 .text.vTaskSwitchContext
                0x080041ac       0xa4 CMakeFiles/RM2027.elf.dir/Middlewares/Third_Party/FreeRTOS/Source/tasks.c.obj
                0x080041ac                vTaskSwitchContext
 .text._ZN4CANc8can_initEv
                0x08004250       0x3c CMakeFiles/RM2027.elf.dir/User/Framework/CAN/can_io.cpp.obj
                0x08004250                CANc::can_init()
 .text._ZN4CANc8can_sendEsssss
                0x0800428c       0x60 CMakeFiles/RM2027.elf.dir/User/Framework/CAN/can_io.cpp.obj
                0x0800428c                CANc::can_send(short, short, short, short, short)
 .text._ZN4CANc11can_receiveEv
                0x080042ec       0x60 CMakeFiles/RM2027.elf.dir/User/Framework/CAN/can_io.cpp.obj
                0x080042ec                CANc::can_receive()
 .text.HAL_CAN_RxFifo0MsgPendingCallback
                0x0800434c       0x10 CMakeFiles/RM2027.elf.dir/User/Framework/CAN/can_io.cpp.obj
                0x0800434c                HAL_CAN_RxFifo0MsgPendingCallback
 .text._ZN6MOTORc16motor_S_PID_InitEv
                0x0800435c       0x30 CMakeFiles/RM2027.elf.dir/User/Framework/Motor/Motor.cpp.obj
                0x0800435c                MOTORc::motor_S_PID_Init()
 .text._ZN4PIDc8PID_InitEP5PID_tfff
                0x0800438c       0x20 CMakeFiles/RM2027.elf.dir/User/Framework/PID/pid.cpp.obj
                0x0800438c                PIDc::PID_Init(PID_t*, float, float, float)
 .text._Z12Vofa_RxStartv
                0x080043ac       0x18 CMakeFiles/RM2027.elf.dir/User/Framework/Vofa/vofa.cpp.obj
                0x080043ac                Vofa_RxStart()
 .text.HAL_UART_RxCpltCallback
                0x080043c4       0x64 CMakeFiles/RM2027.elf.dir/User/Framework/Vofa/vofa.cpp.obj
                0x080043c4                HAL_UART_RxCpltCallback
 .text._Z17Vofa_ParseCommandv
                0x08004428       0x64 CMakeFiles/RM2027.elf.dir/User/Framework/Vofa/vofa.cpp.obj
                0x08004428                Vofa_ParseCommand()
 .text.Gimbal_task
                0x0800448c       0x44 CMakeFiles/RM2027.elf.dir/User/Task/Gimbal_task.cpp.obj
                0x0800448c                Gimbal_task
 .text._ZL16vofa_send_2floatff
                0x080044d0       0x44 CMakeFiles/RM2027.elf.dir/User/Task/Print_task.cpp.obj
 .text.Print_task
                0x08004514       0x38 CMakeFiles/RM2027.elf.dir/User/Task/Print_task.cpp.obj
                0x08004514                Print_task
 .text.__udivmoddi4
                0x0800454c      0x2bc C:/CLionToolchains/gcc-arm-none-eabi-10.3-2021.10/bin/../lib/gcc/arm-none-eabi/13.3.1/thumb/v7e-m+fp/hard\libgcc.a(_udivmoddi4.o)
                0x0800454c                __udivmoddi4
 .text.selfrel_offset31
                0x08004808       0x14 C:/CLionToolchains/gcc-arm-none-eabi-10.3-2021.10/bin/../lib/gcc/arm-none-eabi/13.3.1/thumb/v7e-m+fp/hard\libgcc.a(unwind-arm.o)
 .text.search_EIT_table
                0x0800481c       0x68 C:/CLionToolchains/gcc-arm-none-eabi-10.3-2021.10/bin/../lib/gcc/arm-none-eabi/13.3.1/thumb/v7e-m+fp/hard\libgcc.a(unwind-arm.o)
 .text.__gnu_unwind_get_pr_addr
                0x08004884       0x28 C:/CLionToolchains/gcc-arm-none-eabi-10.3-2021.10/bin/../lib/gcc/arm-none-eabi/13.3.1/thumb/v7e-m+fp/hard\libgcc.a(unwind-arm.o)
 .text.get_eit_entry
                0x080048ac       0x98 C:/CLionToolchains/gcc-arm-none-eabi-10.3-2021.10/bin/../lib/gcc/arm-none-eabi/13.3.1/thumb/v7e-m+fp/hard\libgcc.a(unwind-arm.o)
 .text.restore_non_core_regs
                0x08004944       0x58 C:/CLionToolchains/gcc-arm-none-eabi-10.3-2021.10/bin/../lib/gcc/arm-none-eabi/13.3.1/thumb/v7e-m+fp/hard\libgcc.a(unwind-arm.o)
 .text._Unwind_decode_typeinfo_ptr.constprop.0
                0x0800499c        0xc C:/CLionToolchains/gcc-arm-none-eabi-10.3-2021.10/bin/../lib/gcc/arm-none-eabi/13.3.1/thumb/v7e-m+fp/hard\libgcc.a(unwind-arm.o)
 .text._Unwind_DebugHook
                0x080049a8        0x4 C:/CLionToolchains/gcc-arm-none-eabi-10.3-2021.10/bin/../lib/gcc/arm-none-eabi/13.3.1/thumb/v7e-m+fp/hard\libgcc.a(unwind-arm.o)
 .text.unwind_phase2
                0x080049ac       0x3c C:/CLionToolchains/gcc-arm-none-eabi-10.3-2021.10/bin/../lib/gcc/arm-none-eabi/13.3.1/thumb/v7e-m+fp/hard\libgcc.a(unwind-arm.o)
 .text.unwind_phase2_forced
                0x080049e8       0xd8 C:/CLionToolchains/gcc-arm-none-eabi-10.3-2021.10/bin/../lib/gcc/arm-none-eabi/13.3.1/thumb/v7e-m+fp/hard\libgcc.a(unwind-arm.o)
 .text.__gnu_Unwind_RaiseException
                0x08004ac0       0x68 C:/CLionToolchains/gcc-arm-none-eabi-10.3-2021.10/bin/../lib/gcc/arm-none-eabi/13.3.1/thumb/v7e-m+fp/hard\libgcc.a(unwind-arm.o)
                0x08004ac0                __gnu_Unwind_RaiseException
 .text.__gnu_Unwind_ForcedUnwind
                0x08004b28       0x10 C:/CLionToolchains/gcc-arm-none-eabi-10.3-2021.10/bin/../lib/gcc/arm-none-eabi/13.3.1/thumb/v7e-m+fp/hard\libgcc.a(unwind-arm.o)
                0x08004b28                __gnu_Unwind_ForcedUnwind
 .text.__gnu_Unwind_Resume
                0x08004b38       0x44 C:/CLionToolchains/gcc-arm-none-eabi-10.3-2021.10/bin/../lib/gcc/arm-none-eabi/13.3.1/thumb/v7e-m+fp/hard\libgcc.a(unwind-arm.o)
                0x08004b38                __gnu_Unwind_Resume
 .text.__gnu_Unwind_Resume_or_Rethrow
                0x08004b7c       0x14 C:/CLionToolchains/gcc-arm-none-eabi-10.3-2021.10/bin/../lib/gcc/arm-none-eabi/13.3.1/thumb/v7e-m+fp/hard\libgcc.a(unwind-arm.o)
                0x08004b7c                __gnu_Unwind_Resume_or_Rethrow
 .text._Unwind_VRS_Get
                0x08004b90       0x34 C:/CLionToolchains/gcc-arm-none-eabi-10.3-2021.10/bin/../lib/gcc/arm-none-eabi/13.3.1/thumb/v7e-m+fp/hard\libgcc.a(unwind-arm.o)
                0x08004b90                _Unwind_VRS_Get
 .text._Unwind_GetGR
                0x08004bc4       0x1c C:/CLionToolchains/gcc-arm-none-eabi-10.3-2021.10/bin/../lib/gcc/arm-none-eabi/13.3.1/thumb/v7e-m+fp/hard\libgcc.a(unwind-arm.o)
 .text._Unwind_VRS_Set
                0x08004be0       0x34 C:/CLionToolchains/gcc-arm-none-eabi-10.3-2021.10/bin/../lib/gcc/arm-none-eabi/13.3.1/thumb/v7e-m+fp/hard\libgcc.a(unwind-arm.o)
                0x08004be0                _Unwind_VRS_Set
 .text._Unwind_SetGR
                0x08004c14       0x18 C:/CLionToolchains/gcc-arm-none-eabi-10.3-2021.10/bin/../lib/gcc/arm-none-eabi/13.3.1/thumb/v7e-m+fp/hard\libgcc.a(unwind-arm.o)
 .text.__gnu_Unwind_Backtrace
                0x08004c2c       0x84 C:/CLionToolchains/gcc-arm-none-eabi-10.3-2021.10/bin/../lib/gcc/arm-none-eabi/13.3.1/thumb/v7e-m+fp/hard\libgcc.a(unwind-arm.o)
                0x08004c2c                __gnu_Unwind_Backtrace
 .text.__gnu_unwind_pr_common
                0x08004cb0      0x2a4 C:/CLionToolchains/gcc-arm-none-eabi-10.3-2021.10/bin/../lib/gcc/arm-none-eabi/13.3.1/thumb/v7e-m+fp/hard\libgcc.a(unwind-arm.o)
 .text.__aeabi_unwind_cpp_pr0
                0x08004f54        0x8 C:/CLionToolchains/gcc-arm-none-eabi-10.3-2021.10/bin/../lib/gcc/arm-none-eabi/13.3.1/thumb/v7e-m+fp/hard\libgcc.a(unwind-arm.o)
                0x08004f54                __aeabi_unwind_cpp_pr0
 .text.__aeabi_unwind_cpp_pr1
                0x08004f5c        0x8 C:/CLionToolchains/gcc-arm-none-eabi-10.3-2021.10/bin/../lib/gcc/arm-none-eabi/13.3.1/thumb/v7e-m+fp/hard\libgcc.a(unwind-arm.o)
                0x08004f5c                __aeabi_unwind_cpp_pr1
 .text.__aeabi_unwind_cpp_pr2
                0x08004f64        0x8 C:/CLionToolchains/gcc-arm-none-eabi-10.3-2021.10/bin/../lib/gcc/arm-none-eabi/13.3.1/thumb/v7e-m+fp/hard\libgcc.a(unwind-arm.o)
                0x08004f64                __aeabi_unwind_cpp_pr2
 .text._Unwind_VRS_Pop
                0x08004f6c      0x2f0 C:/CLionToolchains/gcc-arm-none-eabi-10.3-2021.10/bin/../lib/gcc/arm-none-eabi/13.3.1/thumb/v7e-m+fp/hard\libgcc.a(unwind-arm.o)
                0x08004f6c                _Unwind_VRS_Pop
 .text.next_unwind_byte
                0x0800525c       0x38 C:/CLionToolchains/gcc-arm-none-eabi-10.3-2021.10/bin/../lib/gcc/arm-none-eabi/13.3.1/thumb/v7e-m+fp/hard\libgcc.a(pr-support.o)
 .text.__gnu_unwind_execute
                0x08005294      0x2fc C:/CLionToolchains/gcc-arm-none-eabi-10.3-2021.10/bin/../lib/gcc/arm-none-eabi/13.3.1/thumb/v7e-m+fp/hard\libgcc.a(pr-support.o)
                0x08005294                __gnu_unwind_execute
 .text.abort    0x08005590       0x10 C:/CLionToolchains/gcc-arm-none-eabi-10.3-2021.10/bin/../lib/gcc/arm-none-eabi/13.3.1/thumb/v7e-m+fp/hard\libg.a(libc_a-abort.o)
                0x08005590                abort
 .text.atof     0x080055a0        0x8 C:/CLionToolchains/gcc-arm-none-eabi-10.3-2021.10/bin/../lib/gcc/arm-none-eabi/13.3.1/thumb/v7e-m+fp/hard\libg.a(libc_a-atof.o)
                0x080055a0                atof
 .text._strtod_l
                0x080055a8      0xff4 C:/CLionToolchains/gcc-arm-none-eabi-10.3-2021.10/bin/../lib/gcc/arm-none-eabi/13.3.1/thumb/v7e-m+fp/hard\libg.a(libc_a-strtod.o)
                0x080055a8                _strtod_l
 .text.strtod   0x0800659c       0x20 C:/CLionToolchains/gcc-arm-none-eabi-10.3-2021.10/bin/../lib/gcc/arm-none-eabi/13.3.1/thumb/v7e-m+fp/hard\libg.a(libc_a-strtod.o)
                0x0800659c                strtod
 .text.stdio_exit_handler
                0x080065bc       0x18 C:/CLionToolchains/gcc-arm-none-eabi-10.3-2021.10/bin/../lib/gcc/arm-none-eabi/13.3.1/thumb/v7e-m+fp/hard\libg.a(libc_a-findfp.o)
 .text.cleanup_stdio
                0x080065d4       0x40 C:/CLionToolchains/gcc-arm-none-eabi-10.3-2021.10/bin/../lib/gcc/arm-none-eabi/13.3.1/thumb/v7e-m+fp/hard\libg.a(libc_a-findfp.o)
 .text.global_stdio_init.part.0
                0x08006614       0xf0 C:/CLionToolchains/gcc-arm-none-eabi-10.3-2021.10/bin/../lib/gcc/arm-none-eabi/13.3.1/thumb/v7e-m+fp/hard\libg.a(libc_a-findfp.o)
 .text.__sinit  0x08006704       0x3c C:/CLionToolchains/gcc-arm-none-eabi-10.3-2021.10/bin/../lib/gcc/arm-none-eabi/13.3.1/thumb/v7e-m+fp/hard\libg.a(libc_a-findfp.o)
                0x08006704                __sinit
 .text.__sfp_lock_acquire
                0x08006740        0xc C:/CLionToolchains/gcc-arm-none-eabi-10.3-2021.10/bin/../lib/gcc/arm-none-eabi/13.3.1/thumb/v7e-m+fp/hard\libg.a(libc_a-findfp.o)
                0x08006740                __sfp_lock_acquire
 .text.__sfp_lock_release
                0x0800674c        0xc C:/CLionToolchains/gcc-arm-none-eabi-10.3-2021.10/bin/../lib/gcc/arm-none-eabi/13.3.1/thumb/v7e-m+fp/hard\libg.a(libc_a-findfp.o)
                0x0800674c                __sfp_lock_release
 .text._fwalk_sglue
                0x08006758       0x44 C:/CLionToolchains/gcc-arm-none-eabi-10.3-2021.10/bin/../lib/gcc/arm-none-eabi/13.3.1/thumb/v7e-m+fp/hard\libg.a(libc_a-fwalk.o)
                0x08006758                _fwalk_sglue
 .text.__sread  0x0800679c       0x24 C:/CLionToolchains/gcc-arm-none-eabi-10.3-2021.10/bin/../lib/gcc/arm-none-eabi/13.3.1/thumb/v7e-m+fp/hard\libg.a(libc_a-stdio.o)
                0x0800679c                __sread
 .text.__swrite
                0x080067c0       0x40 C:/CLionToolchains/gcc-arm-none-eabi-10.3-2021.10/bin/../lib/gcc/arm-none-eabi/13.3.1/thumb/v7e-m+fp/hard\libg.a(libc_a-stdio.o)
                0x080067c0                __swrite
 .text.__sseek  0x08006800       0x24 C:/CLionToolchains/gcc-arm-none-eabi-10.3-2021.10/bin/../lib/gcc/arm-none-eabi/13.3.1/thumb/v7e-m+fp/hard\libg.a(libc_a-stdio.o)
                0x08006800                __sseek
 .text.__sclose
                0x08006824        0x8 C:/CLionToolchains/gcc-arm-none-eabi-10.3-2021.10/bin/../lib/gcc/arm-none-eabi/13.3.1/thumb/v7e-m+fp/hard\libg.a(libc_a-stdio.o)
                0x08006824                __sclose
 .text.memset   0x0800682c       0xa4 C:/CLionToolchains/gcc-arm-none-eabi-10.3-2021.10/bin/../lib/gcc/arm-none-eabi/13.3.1/thumb/v7e-m+fp/hard\libg.a(libc_a-memset.o)
                0x0800682c                memset
 .text.strncmp  0x080068d0       0x8c C:/CLionToolchains/gcc-arm-none-eabi-10.3-2021.10/bin/../lib/gcc/arm-none-eabi/13.3.1/thumb/v7e-m+fp/hard\libg.a(libc_a-strncmp.o)
                0x080068d0                strncmp
 .text.raise    0x0800695c       0x58 C:/CLionToolchains/gcc-arm-none-eabi-10.3-2021.10/bin/../lib/gcc/arm-none-eabi/13.3.1/thumb/v7e-m+fp/hard\libg.a(libc_a-signal.o)
                0x0800695c                raise
 .text.__locale_mb_cur_max
                0x080069b4        0xc C:/CLionToolchains/gcc-arm-none-eabi-10.3-2021.10/bin/../lib/gcc/arm-none-eabi/13.3.1/thumb/v7e-m+fp/hard\libg.a(libc_a-locale.o)
                0x080069b4                __locale_mb_cur_max
 .text._close_r
                0x080069c0       0x24 C:/CLionToolchains/gcc-arm-none-eabi-10.3-2021.10/bin/../lib/gcc/arm-none-eabi/13.3.1/thumb/v7e-m+fp/hard\libg.a(libc_a-closer.o)
                0x080069c0                _close_r
 .text._reclaim_reent
                0x080069e4       0x6c C:/CLionToolchains/gcc-arm-none-eabi-10.3-2021.10/bin/../lib/gcc/arm-none-eabi/13.3.1/thumb/v7e-m+fp/hard\libg.a(libc_a-reent.o)
                0x080069e4                _reclaim_reent
 .text._lseek_r
                0x08006a50       0x2c C:/CLionToolchains/gcc-arm-none-eabi-10.3-2021.10/bin/../lib/gcc/arm-none-eabi/13.3.1/thumb/v7e-m+fp/hard\libg.a(libc_a-lseekr.o)
                0x08006a50                _lseek_r
 .text._read_r  0x08006a7c       0x2c C:/CLionToolchains/gcc-arm-none-eabi-10.3-2021.10/bin/../lib/gcc/arm-none-eabi/13.3.1/thumb/v7e-m+fp/hard\libg.a(libc_a-readr.o)
                0x08006a7c                _read_r
 .text._kill_r  0x08006aa8       0x2c C:/CLionToolchains/gcc-arm-none-eabi-10.3-2021.10/bin/../lib/gcc/arm-none-eabi/13.3.1/thumb/v7e-m+fp/hard\libg.a(libc_a-signalr.o)
                0x08006aa8                _kill_r
 .text._getpid_r
                0x08006ad4        0x4 C:/CLionToolchains/gcc-arm-none-eabi-10.3-2021.10/bin/../lib/gcc/arm-none-eabi/13.3.1/thumb/v7e-m+fp/hard\libg.a(libc_a-signalr.o)
                0x08006ad4                _getpid_r
 .text._write_r
                0x08006ad8       0x2c C:/CLionToolchains/gcc-arm-none-eabi-10.3-2021.10/bin/../lib/gcc/arm-none-eabi/13.3.1/thumb/v7e-m+fp/hard\libg.a(libc_a-writer.o)
                0x08006ad8                _write_r
 .text.__errno  0x08006b04        0xc C:/CLionToolchains/gcc-arm-none-eabi-10.3-2021.10/bin/../lib/gcc/arm-none-eabi/13.3.1/thumb/v7e-m+fp/hard\libg.a(libc_a-errno.o)
                0x08006b04                __errno
 .text.__libc_init_array
                0x08006b10       0x50 C:/CLionToolchains/gcc-arm-none-eabi-10.3-2021.10/bin/../lib/gcc/arm-none-eabi/13.3.1/thumb/v7e-m+fp/hard\libg.a(libc_a-init.o)
                0x08006b10                __libc_init_array
 .text.__retarget_lock_init_recursive
                0x08006b60        0x4 C:/CLionToolchains/gcc-arm-none-eabi-10.3-2021.10/bin/../lib/gcc/arm-none-eabi/13.3.1/thumb/v7e-m+fp/hard\libg.a(libc_a-lock.o)
                0x08006b60                __retarget_lock_init_recursive
 .text.__retarget_lock_close_recursive
                0x08006b64        0x4 C:/CLionToolchains/gcc-arm-none-eabi-10.3-2021.10/bin/../lib/gcc/arm-none-eabi/13.3.1/thumb/v7e-m+fp/hard\libg.a(libc_a-lock.o)
                0x08006b64                __retarget_lock_close_recursive
 .text.__retarget_lock_acquire_recursive
                0x08006b68        0x4 C:/CLionToolchains/gcc-arm-none-eabi-10.3-2021.10/bin/../lib/gcc/arm-none-eabi/13.3.1/thumb/v7e-m+fp/hard\libg.a(libc_a-lock.o)
                0x08006b68                __retarget_lock_acquire_recursive
 .text.__retarget_lock_release_recursive
                0x08006b6c        0x4 C:/CLionToolchains/gcc-arm-none-eabi-10.3-2021.10/bin/../lib/gcc/arm-none-eabi/13.3.1/thumb/v7e-m+fp/hard\libg.a(libc_a-lock.o)
                0x08006b6c                __retarget_lock_release_recursive
 .text.nan      0x08006b70       0x10 C:/CLionToolchains/gcc-arm-none-eabi-10.3-2021.10/bin/../lib/gcc/arm-none-eabi/13.3.1/thumb/v7e-m+fp/hard\libg.a(libm_a-s_nan.o)
                0x08006b70                nan
 .text.startup.register_fini
                0x08006b80       0x14 C:/CLionToolchains/gcc-arm-none-eabi-10.3-2021.10/bin/../lib/gcc/arm-none-eabi/13.3.1/thumb/v7e-m+fp/hard\libg.a(libc_a-__call_atexit.o)
 .text.atexit   0x08006b94        0xc C:/CLionToolchains/gcc-arm-none-eabi-10.3-2021.10/bin/../lib/gcc/arm-none-eabi/13.3.1/thumb/v7e-m+fp/hard\libg.a(libc_a-atexit.o)
                0x08006b94                atexit
 .text._malloc_trim_r
                0x08006ba0       0xb8 C:/CLionToolchains/gcc-arm-none-eabi-10.3-2021.10/bin/../lib/gcc/arm-none-eabi/13.3.1/thumb/v7e-m+fp/hard\libg.a(libc_a-freer.o)
                0x08006ba0                _malloc_trim_r
 .text._free_r  0x08006c58      0x1f8 C:/CLionToolchains/gcc-arm-none-eabi-10.3-2021.10/bin/../lib/gcc/arm-none-eabi/13.3.1/thumb/v7e-m+fp/hard\libg.a(libc_a-freer.o)
                0x08006c58                _free_r
 .text.rshift   0x08006e50       0xa4 C:/CLionToolchains/gcc-arm-none-eabi-10.3-2021.10/bin/../lib/gcc/arm-none-eabi/13.3.1/thumb/v7e-m+fp/hard\libg.a(libc_a-gdtoa-gethex.o)
 .text.__gethex
                0x08006ef4      0x58c C:/CLionToolchains/gcc-arm-none-eabi-10.3-2021.10/bin/../lib/gcc/arm-none-eabi/13.3.1/thumb/v7e-m+fp/hard\libg.a(libc_a-gdtoa-gethex.o)
                0x08006ef4                __gethex
 .text.__match  0x08007480       0x38 C:/CLionToolchains/gcc-arm-none-eabi-10.3-2021.10/bin/../lib/gcc/arm-none-eabi/13.3.1/thumb/v7e-m+fp/hard\libg.a(libc_a-gdtoa-hexnan.o)
                0x08007480                __match
 .text.__hexnan
                0x080074b8      0x1cc C:/CLionToolchains/gcc-arm-none-eabi-10.3-2021.10/bin/../lib/gcc/arm-none-eabi/13.3.1/thumb/v7e-m+fp/hard\libg.a(libc_a-gdtoa-hexnan.o)
                0x080074b8                __hexnan
 .text._malloc_r
                0x08007684      0x564 C:/CLionToolchains/gcc-arm-none-eabi-10.3-2021.10/bin/../lib/gcc/arm-none-eabi/13.3.1/thumb/v7e-m+fp/hard\libg.a(libc_a-mallocr.o)
                0x08007684                _malloc_r
 .text.__ascii_mbtowc
                0x08007be8       0x2c C:/CLionToolchains/gcc-arm-none-eabi-10.3-2021.10/bin/../lib/gcc/arm-none-eabi/13.3.1/thumb/v7e-m+fp/hard\libg.a(libc_a-mbtowc_r.o)
                0x08007be8                __ascii_mbtowc
 .text.__malloc_lock
                0x08007c14        0xc C:/CLionToolchains/gcc-arm-none-eabi-10.3-2021.10/bin/../lib/gcc/arm-none-eabi/13.3.1/thumb/v7e-m+fp/hard\libg.a(libc_a-mlock.o)
                0x08007c14                __malloc_lock
 .text.__malloc_unlock
                0x08007c20        0xc C:/CLionToolchains/gcc-arm-none-eabi-10.3-2021.10/bin/../lib/gcc/arm-none-eabi/13.3.1/thumb/v7e-m+fp/hard\libg.a(libc_a-mlock.o)
                0x08007c20                __malloc_unlock
 .text._Balloc  0x08007c2c       0x4c C:/CLionToolchains/gcc-arm-none-eabi-10.3-2021.10/bin/../lib/gcc/arm-none-eabi/13.3.1/thumb/v7e-m+fp/hard\libg.a(libc_a-mprec.o)
                0x08007c2c                _Balloc
 .text._Bfree   0x08007c78       0x14 C:/CLionToolchains/gcc-arm-none-eabi-10.3-2021.10/bin/../lib/gcc/arm-none-eabi/13.3.1/thumb/v7e-m+fp/hard\libg.a(libc_a-mprec.o)
                0x08007c78                _Bfree
 .text.__multadd
                0x08007c8c       0xa0 C:/CLionToolchains/gcc-arm-none-eabi-10.3-2021.10/bin/../lib/gcc/arm-none-eabi/13.3.1/thumb/v7e-m+fp/hard\libg.a(libc_a-mprec.o)
                0x08007c8c                __multadd
 .text.__s2b    0x08007d2c       0xb4 C:/CLionToolchains/gcc-arm-none-eabi-10.3-2021.10/bin/../lib/gcc/arm-none-eabi/13.3.1/thumb/v7e-m+fp/hard\libg.a(libc_a-mprec.o)
                0x08007d2c                __s2b
 .text.__hi0bits
                0x08007de0       0x44 C:/CLionToolchains/gcc-arm-none-eabi-10.3-2021.10/bin/../lib/gcc/arm-none-eabi/13.3.1/thumb/v7e-m+fp/hard\libg.a(libc_a-mprec.o)
                0x08007de0                __hi0bits
 .text.__lo0bits
                0x08007e24       0x60 C:/CLionToolchains/gcc-arm-none-eabi-10.3-2021.10/bin/../lib/gcc/arm-none-eabi/13.3.1/thumb/v7e-m+fp/hard\libg.a(libc_a-mprec.o)
                0x08007e24                __lo0bits
 .text.__i2b    0x08007e84       0x5c C:/CLionToolchains/gcc-arm-none-eabi-10.3-2021.10/bin/../lib/gcc/arm-none-eabi/13.3.1/thumb/v7e-m+fp/hard\libg.a(libc_a-mprec.o)
                0x08007e84                __i2b
 .text.__multiply
                0x08007ee0      0x16c C:/CLionToolchains/gcc-arm-none-eabi-10.3-2021.10/bin/../lib/gcc/arm-none-eabi/13.3.1/thumb/v7e-m+fp/hard\libg.a(libc_a-mprec.o)
                0x08007ee0                __multiply
 .text.__pow5mult
                0x0800804c       0xb4 C:/CLionToolchains/gcc-arm-none-eabi-10.3-2021.10/bin/../lib/gcc/arm-none-eabi/13.3.1/thumb/v7e-m+fp/hard\libg.a(libc_a-mprec.o)
                0x0800804c                __pow5mult
 .text.__lshift
                0x08008100       0xf0 C:/CLionToolchains/gcc-arm-none-eabi-10.3-2021.10/bin/../lib/gcc/arm-none-eabi/13.3.1/thumb/v7e-m+fp/hard\libg.a(libc_a-mprec.o)
                0x08008100                __lshift
 .text.__mcmp   0x080081f0       0x44 C:/CLionToolchains/gcc-arm-none-eabi-10.3-2021.10/bin/../lib/gcc/arm-none-eabi/13.3.1/thumb/v7e-m+fp/hard\libg.a(libc_a-mprec.o)
                0x080081f0                __mcmp
 .text.__mdiff  0x08008234      0x178 C:/CLionToolchains/gcc-arm-none-eabi-10.3-2021.10/bin/../lib/gcc/arm-none-eabi/13.3.1/thumb/v7e-m+fp/hard\libg.a(libc_a-mprec.o)
                0x08008234                __mdiff
 .text.__ulp    0x080083ac       0x64 C:/CLionToolchains/gcc-arm-none-eabi-10.3-2021.10/bin/../lib/gcc/arm-none-eabi/13.3.1/thumb/v7e-m+fp/hard\libg.a(libc_a-mprec.o)
                0x080083ac                __ulp
 .text.__b2d    0x08008410       0xbc C:/CLionToolchains/gcc-arm-none-eabi-10.3-2021.10/bin/../lib/gcc/arm-none-eabi/13.3.1/thumb/v7e-m+fp/hard\libg.a(libc_a-mprec.o)
                0x08008410                __b2d
 .text.__d2b    0x080084cc       0xc0 C:/CLionToolchains/gcc-arm-none-eabi-10.3-2021.10/bin/../lib/gcc/arm-none-eabi/13.3.1/thumb/v7e-m+fp/hard\libg.a(libc_a-mprec.o)
                0x080084cc                __d2b
 .text.__ratio  0x0800858c       0x60 C:/CLionToolchains/gcc-arm-none-eabi-10.3-2021.10/bin/../lib/gcc/arm-none-eabi/13.3.1/thumb/v7e-m+fp/hard\libg.a(libc_a-mprec.o)
                0x0800858c                __ratio
 .text.__copybits
                0x080085ec       0x5c C:/CLionToolchains/gcc-arm-none-eabi-10.3-2021.10/bin/../lib/gcc/arm-none-eabi/13.3.1/thumb/v7e-m+fp/hard\libg.a(libc_a-mprec.o)
                0x080085ec                __copybits
 .text.__any_on
                0x08008648       0x5c C:/CLionToolchains/gcc-arm-none-eabi-10.3-2021.10/bin/../lib/gcc/arm-none-eabi/13.3.1/thumb/v7e-m+fp/hard\libg.a(libc_a-mprec.o)
                0x08008648                __any_on
 .text.__ascii_wctomb
                0x080086a4       0x1c C:/CLionToolchains/gcc-arm-none-eabi-10.3-2021.10/bin/../lib/gcc/arm-none-eabi/13.3.1/thumb/v7e-m+fp/hard\libg.a(libc_a-wctomb_r.o)
                0x080086a4                __ascii_wctomb
 .text._fclose_r
                0x080086c0       0xc0 C:/CLionToolchains/gcc-arm-none-eabi-10.3-2021.10/bin/../lib/gcc/arm-none-eabi/13.3.1/thumb/v7e-m+fp/hard\libg.a(libc_a-fclose.o)
                0x080086c0                _fclose_r
 .text.__sflush_r
                0x08008780      0x138 C:/CLionToolchains/gcc-arm-none-eabi-10.3-2021.10/bin/../lib/gcc/arm-none-eabi/13.3.1/thumb/v7e-m+fp/hard\libg.a(libc_a-fflush.o)
                0x08008780                __sflush_r
 .text._fflush_r
                0x080088b8       0x54 C:/CLionToolchains/gcc-arm-none-eabi-10.3-2021.10/bin/../lib/gcc/arm-none-eabi/13.3.1/thumb/v7e-m+fp/hard\libg.a(libc_a-fflush.o)
                0x080088b8                _fflush_r
 .text.strncpy  0x0800890c       0x68 C:/CLionToolchains/gcc-arm-none-eabi-10.3-2021.10/bin/../lib/gcc/arm-none-eabi/13.3.1/thumb/v7e-m+fp/hard\libg.a(libc_a-strncpy.o)
                0x0800890c                strncpy
 .text._sbrk_r  0x08008974       0x24 C:/CLionToolchains/gcc-arm-none-eabi-10.3-2021.10/bin/../lib/gcc/arm-none-eabi/13.3.1/thumb/v7e-m+fp/hard\libg.a(libc_a-sbrkr.o)
                0x08008974                _sbrk_r
 .text.__libc_fini_array
                0x08008998       0x28 C:/CLionToolchains/gcc-arm-none-eabi-10.3-2021.10/bin/../lib/gcc/arm-none-eabi/13.3.1/thumb/v7e-m+fp/hard\libg.a(libc_a-fini.o)
                0x08008998                __libc_fini_array
 .text.sysconf  0x080089c0       0x1c C:/CLionToolchains/gcc-arm-none-eabi-10.3-2021.10/bin/../lib/gcc/arm-none-eabi/13.3.1/thumb/v7e-m+fp/hard\libg.a(libc_a-sysconf.o)
                0x080089c0                sysconf
 .text.__register_exitproc
                0x080089dc       0x80 C:/CLionToolchains/gcc-arm-none-eabi-10.3-2021.10/bin/../lib/gcc/arm-none-eabi/13.3.1/thumb/v7e-m+fp/hard\libg.a(libc_a-__atexit.o)
                0x080089dc                __register_exitproc
 .text.__assert_func
                0x08008a5c       0x40 C:/CLionToolchains/gcc-arm-none-eabi-10.3-2021.10/bin/../lib/gcc/arm-none-eabi/13.3.1/thumb/v7e-m+fp/hard\libg.a(libc_a-assert.o)
                0x08008a5c                __assert_func
 .text._calloc_r
                0x08008a9c       0x6c C:/CLionToolchains/gcc-arm-none-eabi-10.3-2021.10/bin/../lib/gcc/arm-none-eabi/13.3.1/thumb/v7e-m+fp/hard\libg.a(libc_a-callocr.o)
                0x08008a9c                _calloc_r
 .text.fiprintf
                0x08008b08       0x28 C:/CLionToolchains/gcc-arm-none-eabi-10.3-2021.10/bin/../lib/gcc/arm-none-eabi/13.3.1/thumb/v7e-m+fp/hard\libg.a(libc_a-fiprintf.o)
                0x08008b08                fiprintf
 .text._vfiprintf_r
                0x08008b30      0xe68 C:/CLionToolchains/gcc-arm-none-eabi-10.3-2021.10/bin/../lib/gcc/arm-none-eabi/13.3.1/thumb/v7e-m+fp/hard\libg.a(libc_a-vfiprintf.o)
                0x08008b30                _vfiprintf_r
 .text.__sbprintf
                0x08009998       0x80 C:/CLionToolchains/gcc-arm-none-eabi-10.3-2021.10/bin/../lib/gcc/arm-none-eabi/13.3.1/thumb/v7e-m+fp/hard\libg.a(libc_a-vfiprintf.o)
 .text.__sprint_r
                0x08009a18       0x20 C:/CLionToolchains/gcc-arm-none-eabi-10.3-2021.10/bin/../lib/gcc/arm-none-eabi/13.3.1/thumb/v7e-m+fp/hard\libg.a(libc_a-sprint_r.o)
                0x08009a18                __sprint_r
 .text.__sfvwrite_r
                0x08009a38      0x300 C:/CLionToolchains/gcc-arm-none-eabi-10.3-2021.10/bin/../lib/gcc/arm-none-eabi/13.3.1/thumb/v7e-m+fp/hard\libg.a(libc_a-fvwrite.o)
                0x08009a38                __sfvwrite_r
 .text.__swsetup_r
                0x08009d38       0xc4 C:/CLionToolchains/gcc-arm-none-eabi-10.3-2021.10/bin/../lib/gcc/arm-none-eabi/13.3.1/thumb/v7e-m+fp/hard\libg.a(libc_a-wsetup.o)
                0x08009d38                __swsetup_r
 .text.memmove  0x08009dfc      0x100 C:/CLionToolchains/gcc-arm-none-eabi-10.3-2021.10/bin/../lib/gcc/arm-none-eabi/13.3.1/thumb/v7e-m+fp/hard\libg.a(libc_a-memmove.o)
                0x08009dfc                memmove
 .text._localeconv_r
                0x08009efc        0x8 C:/CLionToolchains/gcc-arm-none-eabi-10.3-2021.10/bin/../lib/gcc/arm-none-eabi/13.3.1/thumb/v7e-m+fp/hard\libg.a(libc_a-localeconv.o)
                0x08009efc                _localeconv_r
 .text._realloc_r
                0x08009f04      0x344 C:/CLionToolchains/gcc-arm-none-eabi-10.3-2021.10/bin/../lib/gcc/arm-none-eabi/13.3.1/thumb/v7e-m+fp/hard\libg.a(libc_a-reallocr.o)
                0x08009f04                _realloc_r
 .text._wcrtomb_r
                0x0800a248       0x4c C:/CLionToolchains/gcc-arm-none-eabi-10.3-2021.10/bin/../lib/gcc/arm-none-eabi/13.3.1/thumb/v7e-m+fp/hard\libg.a(libc_a-wcrtomb.o)
                0x0800a248                _wcrtomb_r
 .text._wcsrtombs_r
                0x0800a294       0x18 C:/CLionToolchains/gcc-arm-none-eabi-10.3-2021.10/bin/../lib/gcc/arm-none-eabi/13.3.1/thumb/v7e-m+fp/hard\libg.a(libc_a-wcsrtombs.o)
                0x0800a294                _wcsrtombs_r
 .text.__smakebuf_r
                0x0800a2ac       0xdc C:/CLionToolchains/gcc-arm-none-eabi-10.3-2021.10/bin/../lib/gcc/arm-none-eabi/13.3.1/thumb/v7e-m+fp/hard\libg.a(libc_a-makebuf.o)
                0x0800a2ac                __smakebuf_r
 .text._fstat_r
                0x0800a388       0x2c C:/CLionToolchains/gcc-arm-none-eabi-10.3-2021.10/bin/../lib/gcc/arm-none-eabi/13.3.1/thumb/v7e-m+fp/hard\libg.a(libc_a-fstatr.o)
                0x0800a388                _fstat_r
 .text._isatty_r
                0x0800a3b4       0x24 C:/CLionToolchains/gcc-arm-none-eabi-10.3-2021.10/bin/../lib/gcc/arm-none-eabi/13.3.1/thumb/v7e-m+fp/hard\libg.a(libc_a-isattyr.o)
                0x0800a3b4                _isatty_r
 .text._wcsnrtombs_l
                0x0800a3d8       0xfc C:/CLionToolchains/gcc-arm-none-eabi-10.3-2021.10/bin/../lib/gcc/arm-none-eabi/13.3.1/thumb/v7e-m+fp/hard\libg.a(libc_a-wcsnrtombs.o)
                0x0800a3d8                _wcsnrtombs_l
 .text._wcsnrtombs_r
                0x0800a4d4       0x24 C:/CLionToolchains/gcc-arm-none-eabi-10.3-2021.10/bin/../lib/gcc/arm-none-eabi/13.3.1/thumb/v7e-m+fp/hard\libg.a(libc_a-wcsnrtombs.o)
                0x0800a4d4                _wcsnrtombs_r
 .text.__fixdfdi
                0x0800a4f8       0x30 C:/CLionToolchains/gcc-arm-none-eabi-10.3-2021.10/bin/../lib/gcc/arm-none-eabi/13.3.1/thumb/v7e-m+fp/hard\libgcc.a(_fixdfdi.o)
                0x0800a4f8                __fixdfdi
                0x0800a4f8                __aeabi_d2lz
 .text.__fixunsdfdi
                0x0800a528       0x3c C:/CLionToolchains/gcc-arm-none-eabi-10.3-2021.10/bin/../lib/gcc/arm-none-eabi/13.3.1/thumb/v7e-m+fp/hard\libgcc.a(_fixunsdfdi.o)
                0x0800a528                __fixunsdfdi
                0x0800a528                __aeabi_d2ulz
 *(.glue_7)
 .glue_7        0x0800a564        0x0 linker stubs
 *(.glue_7t)
 .glue_7t       0x0800a564        0x0 linker stubs
 *(.eh_frame)
 .eh_frame      0x0800a564        0x0 C:/CLionToolchains/gcc-arm-none-eabi-10.3-2021.10/bin/../lib/gcc/arm-none-eabi/13.3.1/thumb/v7e-m+fp/hard/crtbegin.o
 *(.init)
 .init          0x0800a564        0x4 C:/CLionToolchains/gcc-arm-none-eabi-10.3-2021.10/bin/../lib/gcc/arm-none-eabi/13.3.1/thumb/v7e-m+fp/hard/crti.o
                0x0800a564                _init
 .init          0x0800a568        0x8 C:/CLionToolchains/gcc-arm-none-eabi-10.3-2021.10/bin/../lib/gcc/arm-none-eabi/13.3.1/thumb/v7e-m+fp/hard/crtn.o
 *(.fini)
 .fini          0x0800a570        0x4 C:/CLionToolchains/gcc-arm-none-eabi-10.3-2021.10/bin/../lib/gcc/arm-none-eabi/13.3.1/thumb/v7e-m+fp/hard/crti.o
                0x0800a570                _fini
 .fini          0x0800a574        0x8 C:/CLionToolchains/gcc-arm-none-eabi-10.3-2021.10/bin/../lib/gcc/arm-none-eabi/13.3.1/thumb/v7e-m+fp/hard/crtn.o
                0x0800a57c                        . = ALIGN (0x4)
                0x0800a57c                        _etext = .

.vfp11_veneer   0x0800a57c        0x0
 .vfp11_veneer  0x0800a57c        0x0 linker stubs

.v4_bx          0x0800a57c        0x0
 .v4_bx         0x0800a57c        0x0 linker stubs

.iplt           0x0800a57c        0x0
 .iplt          0x0800a57c        0x0 C:/CLionToolchains/gcc-arm-none-eabi-10.3-2021.10/bin/../lib/gcc/arm-none-eabi/13.3.1/thumb/v7e-m+fp/hard/crtbegin.o

.rodata         0x0800a580      0x5ac
                0x0800a580                        . = ALIGN (0x4)
 *(.rodata)
 .rodata        0x0800a580       0x54 CMakeFiles/RM2027.elf.dir/Core/Src/freertos.c.obj
 *(.rodata*)
 .rodata.str1.4
                0x0800a5d4      0x1c7 CMakeFiles/RM2027.elf.dir/Core/Src/freertos.c.obj
                                 0x24 (size before relaxing)
 *fill*         0x0800a79b        0x1 
 .rodata.APBPrescTable
                0x0800a79c        0x8 CMakeFiles/RM2027.elf.dir/Core/Src/system_stm32f4xx.c.obj
                0x0800a79c                APBPrescTable
 .rodata.AHBPrescTable
                0x0800a7a4       0x10 CMakeFiles/RM2027.elf.dir/Core/Src/system_stm32f4xx.c.obj
                0x0800a7a4                AHBPrescTable
 .rodata.vTaskStartScheduler.str1.4
                0x0800a7b4        0x5 CMakeFiles/RM2027.elf.dir/Middlewares/Third_Party/FreeRTOS/Source/tasks.c.obj
 .rodata._strtod_l.str1.4
                0x0800a7b4       0x15 C:/CLionToolchains/gcc-arm-none-eabi-10.3-2021.10/bin/../lib/gcc/arm-none-eabi/13.3.1/thumb/v7e-m+fp/hard\libg.a(libc_a-strtod.o)
 .rodata.fpinan.0
                0x0800a7b4       0x14 C:/CLionToolchains/gcc-arm-none-eabi-10.3-2021.10/bin/../lib/gcc/arm-none-eabi/13.3.1/thumb/v7e-m+fp/hard\libg.a(libc_a-strtod.o)
 .rodata.fpi.1  0x0800a7c8       0x14 C:/CLionToolchains/gcc-arm-none-eabi-10.3-2021.10/bin/../lib/gcc/arm-none-eabi/13.3.1/thumb/v7e-m+fp/hard\libg.a(libc_a-strtod.o)
 *fill*         0x0800a7dc        0x4 
 .rodata.tinytens
                0x0800a7e0       0x28 C:/CLionToolchains/gcc-arm-none-eabi-10.3-2021.10/bin/../lib/gcc/arm-none-eabi/13.3.1/thumb/v7e-m+fp/hard\libg.a(libc_a-strtod.o)
 .rodata.str1.4
                0x0800a808       0x4c C:/CLionToolchains/gcc-arm-none-eabi-10.3-2021.10/bin/../lib/gcc/arm-none-eabi/13.3.1/thumb/v7e-m+fp/hard\libg.a(libc_a-locale.o)
 .rodata.__gethex.str1.4
                0x0800a808       0x79 C:/CLionToolchains/gcc-arm-none-eabi-10.3-2021.10/bin/../lib/gcc/arm-none-eabi/13.3.1/thumb/v7e-m+fp/hard\libg.a(libc_a-gdtoa-gethex.o)
 .rodata.__hexdig
                0x0800a808      0x100 C:/CLionToolchains/gcc-arm-none-eabi-10.3-2021.10/bin/../lib/gcc/arm-none-eabi/13.3.1/thumb/v7e-m+fp/hard\libg.a(libc_a-gdtoa-gethex.o)
                0x0800a808                __hexdig
 .rodata.__multadd.str1.4
                0x0800a908       0x6e C:/CLionToolchains/gcc-arm-none-eabi-10.3-2021.10/bin/../lib/gcc/arm-none-eabi/13.3.1/thumb/v7e-m+fp/hard\libg.a(libc_a-mprec.o)
 .rodata.p05.0  0x0800a908        0xc C:/CLionToolchains/gcc-arm-none-eabi-10.3-2021.10/bin/../lib/gcc/arm-none-eabi/13.3.1/thumb/v7e-m+fp/hard\libg.a(libc_a-mprec.o)
 *fill*         0x0800a914        0x4 
 .rodata.__mprec_bigtens
                0x0800a918       0x28 C:/CLionToolchains/gcc-arm-none-eabi-10.3-2021.10/bin/../lib/gcc/arm-none-eabi/13.3.1/thumb/v7e-m+fp/hard\libg.a(libc_a-mprec.o)
                0x0800a918                __mprec_bigtens
 .rodata.__mprec_tens
                0x0800a940       0xc8 C:/CLionToolchains/gcc-arm-none-eabi-10.3-2021.10/bin/../lib/gcc/arm-none-eabi/13.3.1/thumb/v7e-m+fp/hard\libg.a(libc_a-mprec.o)
                0x0800a940                __mprec_tens
 .rodata._ctype_
                0x0800aa08      0x101 C:/CLionToolchains/gcc-arm-none-eabi-10.3-2021.10/bin/../lib/gcc/arm-none-eabi/13.3.1/thumb/v7e-m+fp/hard\libg.a(libc_a-ctype_.o)
                0x0800aa08                _ctype_
 .rodata.__assert_func.str1.4
                0x0800ab09       0x43 C:/CLionToolchains/gcc-arm-none-eabi-10.3-2021.10/bin/../lib/gcc/arm-none-eabi/13.3.1/thumb/v7e-m+fp/hard\libg.a(libc_a-assert.o)
 .rodata._vfiprintf_r.str1.4
                0x0800ab09       0x2f C:/CLionToolchains/gcc-arm-none-eabi-10.3-2021.10/bin/../lib/gcc/arm-none-eabi/13.3.1/thumb/v7e-m+fp/hard\libg.a(libc_a-vfiprintf.o)
 *fill*         0x0800ab09        0x3 
 .rodata.zeroes.0
                0x0800ab0c       0x10 C:/CLionToolchains/gcc-arm-none-eabi-10.3-2021.10/bin/../lib/gcc/arm-none-eabi/13.3.1/thumb/v7e-m+fp/hard\libg.a(libc_a-vfiprintf.o)
 .rodata.blanks.1
                0x0800ab1c       0x10 C:/CLionToolchains/gcc-arm-none-eabi-10.3-2021.10/bin/../lib/gcc/arm-none-eabi/13.3.1/thumb/v7e-m+fp/hard\libg.a(libc_a-vfiprintf.o)
                0x0800ab2c                        . = ALIGN (0x4)

.ARM.extab      0x0800ab2c       0x3c
                0x0800ab2c                        . = ALIGN (0x4)
 *(.ARM.extab* .gnu.linkonce.armextab.*)
 .ARM.extab.text.main
                0x0800ab2c        0xc CMakeFiles/RM2027.elf.dir/Core/Src/main.cpp.obj
 .ARM.extab.text.HAL_CAN_RxFifo0MsgPendingCallback
                0x0800ab38        0xc CMakeFiles/RM2027.elf.dir/User/Framework/CAN/can_io.cpp.obj
 .ARM.extab.text._ZN6MOTORc16motor_S_PID_InitEv
                0x0800ab44        0xc CMakeFiles/RM2027.elf.dir/User/Framework/Motor/Motor.cpp.obj
 .ARM.extab.text._Z12Vofa_RxStartv
                0x0800ab50        0xc CMakeFiles/RM2027.elf.dir/User/Framework/Vofa/vofa.cpp.obj
 .ARM.extab.text.HAL_UART_RxCpltCallback
                0x0800ab5c        0xc CMakeFiles/RM2027.elf.dir/User/Framework/Vofa/vofa.cpp.obj
                0x0800ab68                        . = ALIGN (0x4)

.ARM            0x0800ab68       0xf8
                0x0800ab68                        . = ALIGN (0x4)
                0x0800ab68                        __exidx_start = .
 *(.ARM.exidx*)
 .ARM.exidx     0x0800ab68        0x8 C:/CLionToolchains/gcc-arm-none-eabi-10.3-2021.10/bin/../lib/gcc/arm-none-eabi/13.3.1/thumb/v7e-m+fp/hard\libg.a(libc_a-memcpy.o)
 .ARM.exidx     0x0800ab70        0x0 C:/CLionToolchains/gcc-arm-none-eabi-10.3-2021.10/bin/../lib/gcc/arm-none-eabi/13.3.1/thumb/v7e-m+fp/hard\libg.a(libc_a-strlen.o)
                                  0x8 (size before relaxing)
 .ARM.exidx     0x0800ab70        0x0 C:/CLionToolchains/gcc-arm-none-eabi-10.3-2021.10/bin/../lib/gcc/arm-none-eabi/13.3.1/thumb/v7e-m+fp/hard\libg.a(libc_a-memchr.o)
                                  0x8 (size before relaxing)
 .ARM.exidx.text.main
                0x0800ab70       0x10 CMakeFiles/RM2027.elf.dir/Core/Src/main.cpp.obj
                                  0x8 (size before relaxing)
 .ARM.exidx.text._ZN4CANc8can_initEv
                0x0800ab80        0x8 CMakeFiles/RM2027.elf.dir/User/Framework/CAN/can_io.cpp.obj
 .ARM.exidx.text._ZN4CANc8can_sendEsssss
                0x0800ab88        0x0 CMakeFiles/RM2027.elf.dir/User/Framework/CAN/can_io.cpp.obj
                                  0x8 (size before relaxing)
 .ARM.exidx.text._ZN4CANc11can_receiveEv
                0x0800ab88        0x8 CMakeFiles/RM2027.elf.dir/User/Framework/CAN/can_io.cpp.obj
 .ARM.exidx.text.HAL_CAN_RxFifo0MsgPendingCallback
                0x0800ab90        0x8 CMakeFiles/RM2027.elf.dir/User/Framework/CAN/can_io.cpp.obj
 .ARM.exidx.text._ZN6MOTORc16motor_S_PID_InitEv
                0x0800ab98        0x8 CMakeFiles/RM2027.elf.dir/User/Framework/Motor/Motor.cpp.obj
 .ARM.exidx.text._ZN4PIDc8PID_InitEP5PID_tfff
                0x0800aba0        0x8 CMakeFiles/RM2027.elf.dir/User/Framework/PID/pid.cpp.obj
 .ARM.exidx.text._Z12Vofa_RxStartv
                0x0800aba8        0x8 CMakeFiles/RM2027.elf.dir/User/Framework/Vofa/vofa.cpp.obj
 .ARM.exidx.text.HAL_UART_RxCpltCallback
                0x0800abb0        0x8 CMakeFiles/RM2027.elf.dir/User/Framework/Vofa/vofa.cpp.obj
 .ARM.exidx.text._Z17Vofa_ParseCommandv
                0x0800abb8        0x8 CMakeFiles/RM2027.elf.dir/User/Framework/Vofa/vofa.cpp.obj
 .ARM.exidx.text.Gimbal_task
                0x0800abc0        0x8 CMakeFiles/RM2027.elf.dir/User/Task/Gimbal_task.cpp.obj
 .ARM.exidx.text._ZL16vofa_send_2floatff
                0x0800abc8        0x8 CMakeFiles/RM2027.elf.dir/User/Task/Print_task.cpp.obj
 .ARM.exidx.text.Print_task
                0x0800abd0        0x8 CMakeFiles/RM2027.elf.dir/User/Task/Print_task.cpp.obj
 .ARM.exidx.text.__udivmoddi4
                0x0800abd8        0x8 C:/CLionToolchains/gcc-arm-none-eabi-10.3-2021.10/bin/../lib/gcc/arm-none-eabi/13.3.1/thumb/v7e-m+fp/hard\libgcc.a(_udivmoddi4.o)
 .ARM.exidx.text.selfrel_offset31
                0x0800abe0        0x0 C:/CLionToolchains/gcc-arm-none-eabi-10.3-2021.10/bin/../lib/gcc/arm-none-eabi/13.3.1/thumb/v7e-m+fp/hard\libgcc.a(unwind-arm.o)
                                  0x8 (size before relaxing)
 .ARM.exidx.text.search_EIT_table
                0x0800abe0        0x0 C:/CLionToolchains/gcc-arm-none-eabi-10.3-2021.10/bin/../lib/gcc/arm-none-eabi/13.3.1/thumb/v7e-m+fp/hard\libgcc.a(unwind-arm.o)
                                  0x8 (size before relaxing)
 .ARM.exidx.text.__gnu_unwind_get_pr_addr
                0x0800abe0        0x0 C:/CLionToolchains/gcc-arm-none-eabi-10.3-2021.10/bin/../lib/gcc/arm-none-eabi/13.3.1/thumb/v7e-m+fp/hard\libgcc.a(unwind-arm.o)
                                  0x8 (size before relaxing)
 .ARM.exidx.text.get_eit_entry
                0x0800abe0        0x8 C:/CLionToolchains/gcc-arm-none-eabi-10.3-2021.10/bin/../lib/gcc/arm-none-eabi/13.3.1/thumb/v7e-m+fp/hard\libgcc.a(unwind-arm.o)
 .ARM.exidx.text.restore_non_core_regs
                0x0800abe8        0x8 C:/CLionToolchains/gcc-arm-none-eabi-10.3-2021.10/bin/../lib/gcc/arm-none-eabi/13.3.1/thumb/v7e-m+fp/hard\libgcc.a(unwind-arm.o)
 .ARM.exidx.text._Unwind_decode_typeinfo_ptr.constprop.0
                0x0800abf0        0x8 C:/CLionToolchains/gcc-arm-none-eabi-10.3-2021.10/bin/../lib/gcc/arm-none-eabi/13.3.1/thumb/v7e-m+fp/hard\libgcc.a(unwind-arm.o)
 .ARM.exidx.text._Unwind_DebugHook
                0x0800abf8        0x0 C:/CLionToolchains/gcc-arm-none-eabi-10.3-2021.10/bin/../lib/gcc/arm-none-eabi/13.3.1/thumb/v7e-m+fp/hard\libgcc.a(unwind-arm.o)
                                  0x8 (size before relaxing)
 .ARM.exidx.text.unwind_phase2
                0x0800abf8        0x8 C:/CLionToolchains/gcc-arm-none-eabi-10.3-2021.10/bin/../lib/gcc/arm-none-eabi/13.3.1/thumb/v7e-m+fp/hard\libgcc.a(unwind-arm.o)
 .ARM.exidx.text.unwind_phase2_forced
                0x0800ac00        0x8 C:/CLionToolchains/gcc-arm-none-eabi-10.3-2021.10/bin/../lib/gcc/arm-none-eabi/13.3.1/thumb/v7e-m+fp/hard\libgcc.a(unwind-arm.o)
 .ARM.exidx.text.__gnu_Unwind_RaiseException
                0x0800ac08        0x8 C:/CLionToolchains/gcc-arm-none-eabi-10.3-2021.10/bin/../lib/gcc/arm-none-eabi/13.3.1/thumb/v7e-m+fp/hard\libgcc.a(unwind-arm.o)
 .ARM.exidx.text.__gnu_Unwind_ForcedUnwind
                0x0800ac10        0x8 C:/CLionToolchains/gcc-arm-none-eabi-10.3-2021.10/bin/../lib/gcc/arm-none-eabi/13.3.1/thumb/v7e-m+fp/hard\libgcc.a(unwind-arm.o)
 .ARM.exidx.text.__gnu_Unwind_Resume
                0x0800ac18        0x8 C:/CLionToolchains/gcc-arm-none-eabi-10.3-2021.10/bin/../lib/gcc/arm-none-eabi/13.3.1/thumb/v7e-m+fp/hard\libgcc.a(unwind-arm.o)
 .ARM.exidx.text.__gnu_Unwind_Resume_or_Rethrow
                0x0800ac20        0x8 C:/CLionToolchains/gcc-arm-none-eabi-10.3-2021.10/bin/../lib/gcc/arm-none-eabi/13.3.1/thumb/v7e-m+fp/hard\libgcc.a(unwind-arm.o)
 .ARM.exidx.text._Unwind_VRS_Get
                0x0800ac28        0x0 C:/CLionToolchains/gcc-arm-none-eabi-10.3-2021.10/bin/../lib/gcc/arm-none-eabi/13.3.1/thumb/v7e-m+fp/hard\libgcc.a(unwind-arm.o)
                                  0x8 (size before relaxing)
 .ARM.exidx.text._Unwind_GetGR
                0x0800ac28        0x0 C:/CLionToolchains/gcc-arm-none-eabi-10.3-2021.10/bin/../lib/gcc/arm-none-eabi/13.3.1/thumb/v7e-m+fp/hard\libgcc.a(unwind-arm.o)
                                  0x8 (size before relaxing)
 .ARM.exidx.text._Unwind_VRS_Set
                0x0800ac28        0x0 C:/CLionToolchains/gcc-arm-none-eabi-10.3-2021.10/bin/../lib/gcc/arm-none-eabi/13.3.1/thumb/v7e-m+fp/hard\libgcc.a(unwind-arm.o)
                                  0x8 (size before relaxing)
 .ARM.exidx.text._Unwind_SetGR
                0x0800ac28        0x0 C:/CLionToolchains/gcc-arm-none-eabi-10.3-2021.10/bin/../lib/gcc/arm-none-eabi/13.3.1/thumb/v7e-m+fp/hard\libgcc.a(unwind-arm.o)
                                  0x8 (size before relaxing)
 .ARM.exidx.text.__gnu_Unwind_Backtrace
                0x0800ac28        0x8 C:/CLionToolchains/gcc-arm-none-eabi-10.3-2021.10/bin/../lib/gcc/arm-none-eabi/13.3.1/thumb/v7e-m+fp/hard\libgcc.a(unwind-arm.o)
 .ARM.exidx.text.__gnu_unwind_pr_common
                0x0800ac30        0x8 C:/CLionToolchains/gcc-arm-none-eabi-10.3-2021.10/bin/../lib/gcc/arm-none-eabi/13.3.1/thumb/v7e-m+fp/hard\libgcc.a(unwind-arm.o)
 .ARM.exidx.text.__aeabi_unwind_cpp_pr0
                0x0800ac38        0x8 C:/CLionToolchains/gcc-arm-none-eabi-10.3-2021.10/bin/../lib/gcc/arm-none-eabi/13.3.1/thumb/v7e-m+fp/hard\libgcc.a(unwind-arm.o)
 .ARM.exidx.text.__aeabi_unwind_cpp_pr1
                0x0800ac40        0x0 C:/CLionToolchains/gcc-arm-none-eabi-10.3-2021.10/bin/../lib/gcc/arm-none-eabi/13.3.1/thumb/v7e-m+fp/hard\libgcc.a(unwind-arm.o)
                                  0x8 (size before relaxing)
 .ARM.exidx.text.__aeabi_unwind_cpp_pr2
                0x0800ac40        0x0 C:/CLionToolchains/gcc-arm-none-eabi-10.3-2021.10/bin/../lib/gcc/arm-none-eabi/13.3.1/thumb/v7e-m+fp/hard\libgcc.a(unwind-arm.o)
                                  0x8 (size before relaxing)
 .ARM.exidx.text._Unwind_VRS_Pop
                0x0800ac40        0x8 C:/CLionToolchains/gcc-arm-none-eabi-10.3-2021.10/bin/../lib/gcc/arm-none-eabi/13.3.1/thumb/v7e-m+fp/hard\libgcc.a(unwind-arm.o)
 .ARM.exidx.text.next_unwind_byte
                0x0800ac48        0x8 C:/CLionToolchains/gcc-arm-none-eabi-10.3-2021.10/bin/../lib/gcc/arm-none-eabi/13.3.1/thumb/v7e-m+fp/hard\libgcc.a(pr-support.o)
 .ARM.exidx.text.__gnu_unwind_execute
                0x0800ac50       0x10 C:/CLionToolchains/gcc-arm-none-eabi-10.3-2021.10/bin/../lib/gcc/arm-none-eabi/13.3.1/thumb/v7e-m+fp/hard\libgcc.a(pr-support.o)
                                  0x8 (size before relaxing)
                0x0800ac60                        __exidx_end = .
                0x0800ac60                        . = ALIGN (0x4)

.preinit_array  0x0800ac60        0x0
                0x0800ac60                        . = ALIGN (0x4)
                0x0800ac60                        PROVIDE (__preinit_array_start = .)
 *(.preinit_array*)
                0x0800ac60                        PROVIDE (__preinit_array_end = .)
                0x0800ac60                        . = ALIGN (0x4)

.init_array     0x0800ac60        0x8
                0x0800ac60                        . = ALIGN (0x4)
                0x0800ac60                        PROVIDE (__init_array_start = .)
 *(SORT_BY_NAME(.init_array.*))
 .init_array.00000
                0x0800ac60        0x4 C:/CLionToolchains/gcc-arm-none-eabi-10.3-2021.10/bin/../lib/gcc/arm-none-eabi/13.3.1/thumb/v7e-m+fp/hard\libg.a(libc_a-__call_atexit.o)
 *(.init_array*)
 .init_array    0x0800ac64        0x4 C:/CLionToolchains/gcc-arm-none-eabi-10.3-2021.10/bin/../lib/gcc/arm-none-eabi/13.3.1/thumb/v7e-m+fp/hard/crtbegin.o
                0x0800ac68                        PROVIDE (__init_array_end = .)
                0x0800ac68                        . = ALIGN (0x4)

.fini_array     0x0800ac68        0x4
                0x0800ac68                        . = ALIGN (0x4)
                0x0800ac68                        PROVIDE (__fini_array_start = .)
 *(SORT_BY_NAME(.fini_array.*))
 *(.fini_array*)
 .fini_array    0x0800ac68        0x4 C:/CLionToolchains/gcc-arm-none-eabi-10.3-2021.10/bin/../lib/gcc/arm-none-eabi/13.3.1/thumb/v7e-m+fp/hard/crtbegin.o
                0x0800ac6c                        PROVIDE (__fini_array_end = .)
                0x0800ac6c                        . = ALIGN (0x4)
                0x0800ac6c                        _sidata = LOADADDR (.data)

.rel.dyn        0x0800ac6c        0x0
 .rel.iplt      0x0800ac6c        0x0 C:/CLionToolchains/gcc-arm-none-eabi-10.3-2021.10/bin/../lib/gcc/arm-none-eabi/13.3.1/thumb/v7e-m+fp/hard/crtbegin.o

.data           0x20000000      0x6f0 load address 0x0800ac6c
                0x20000000                        . = ALIGN (0x4)
                0x20000000                        _sdata = .
 *(.data)
 *(.data*)
 .data.SystemCoreClock
                0x20000000        0x4 CMakeFiles/RM2027.elf.dir/Core/Src/system_stm32f4xx.c.obj
                0x20000000                SystemCoreClock
 .data.uwTickFreq
                0x20000004        0x1 CMakeFiles/RM2027.elf.dir/Drivers/STM32F4xx_HAL_Driver/Src/stm32f4xx_hal.c.obj
                0x20000004                uwTickFreq
 *fill*         0x20000005        0x3 
 .data.uwTickPrio
                0x20000008        0x4 CMakeFiles/RM2027.elf.dir/Drivers/STM32F4xx_HAL_Driver/Src/stm32f4xx_hal.c.obj
                0x20000008                uwTickPrio
 .data.uxCriticalNesting
                0x2000000c        0x4 CMakeFiles/RM2027.elf.dir/Middlewares/Third_Party/FreeRTOS/Source/portable/GCC/ARM_CM4F/port.c.obj
 .data.motor_mode
                0x20000010        0x1 CMakeFiles/RM2027.elf.dir/User/Framework/Motor/Motor.cpp.obj
                0x20000010                motor_mode
 *fill*         0x20000011        0x3 
 .data.target_speed
                0x20000014        0x4 CMakeFiles/RM2027.elf.dir/User/Framework/Motor/Motor.cpp.obj
                0x20000014                target_speed
 .data.__sglue  0x20000018        0xc C:/CLionToolchains/gcc-arm-none-eabi-10.3-2021.10/bin/../lib/gcc/arm-none-eabi/13.3.1/thumb/v7e-m+fp/hard\libg.a(libc_a-findfp.o)
                0x20000018                __sglue
 .data.__global_locale
                0x20000024      0x16c C:/CLionToolchains/gcc-arm-none-eabi-10.3-2021.10/bin/../lib/gcc/arm-none-eabi/13.3.1/thumb/v7e-m+fp/hard\libg.a(libc_a-locale.o)
                0x20000024                __global_locale
 .data._impure_ptr
                0x20000190        0x4 C:/CLionToolchains/gcc-arm-none-eabi-10.3-2021.10/bin/../lib/gcc/arm-none-eabi/13.3.1/thumb/v7e-m+fp/hard\libg.a(libc_a-impure.o)
                0x20000190                _impure_ptr
 *fill*         0x20000194        0x4 
 .data._impure_data
                0x20000198      0x140 C:/CLionToolchains/gcc-arm-none-eabi-10.3-2021.10/bin/../lib/gcc/arm-none-eabi/13.3.1/thumb/v7e-m+fp/hard\libg.a(libc_a-impure.o)
                0x20000198                _impure_data
 .data.__atexit_recursive_mutex
                0x200002d8        0x4 C:/CLionToolchains/gcc-arm-none-eabi-10.3-2021.10/bin/../lib/gcc/arm-none-eabi/13.3.1/thumb/v7e-m+fp/hard\libg.a(libc_a-__call_atexit.o)
                0x200002d8                __atexit_recursive_mutex
 .data.__malloc_sbrk_base
                0x200002dc        0x4 C:/CLionToolchains/gcc-arm-none-eabi-10.3-2021.10/bin/../lib/gcc/arm-none-eabi/13.3.1/thumb/v7e-m+fp/hard\libg.a(libc_a-mallocr.o)
                0x200002dc                __malloc_sbrk_base
 .data.__malloc_trim_threshold